INFO 2026-06-09 07:23:36,681 autoreload Watching for file changes with StatReloader
INFO 2026-06-09 07:23:36,681 autoreload Watching for file changes with StatReloader
INFO 2026-06-09 07:29:19,904 basehttp "OPTIONS /api/v1/auth/login/ HTTP/1.1" 200 0
INFO 2026-06-09 07:29:19,904 basehttp "OPTIONS /api/v1/auth/login/ HTTP/1.1" 200 0
INFO 2026-06-09 07:29:21,373 basehttp "POST /api/v1/auth/login/ HTTP/1.1" 200 808
INFO 2026-06-09 07:29:21,373 basehttp "POST /api/v1/auth/login/ HTTP/1.1" 200 808
INFO 2026-06-09 07:29:25,197 basehttp "OPTIONS /api/v1/sales/sales/?start_date=2026-06-09&end_date=2026-06-09&page_size=100 HTTP/1.1" 200 0
INFO 2026-06-09 07:29:25,197 basehttp "OPTIONS /api/v1/sales/sales/?start_date=2026-06-09&end_date=2026-06-09&page_size=100 HTTP/1.1" 200 0
INFO 2026-06-09 07:29:25,204 basehttp "OPTIONS /api/v1/financials/transactions/?start_date=2026-06-09&end_date=2026-06-09&page_size=100 HTTP/1.1" 200 0
INFO 2026-06-09 07:29:25,204 basehttp "OPTIONS /api/v1/financials/transactions/?start_date=2026-06-09&end_date=2026-06-09&page_size=100 HTTP/1.1" 200 0
INFO 2026-06-09 07:29:25,211 basehttp "OPTIONS /api/v1/financials/petty-cash/?start_date=2026-06-09&end_date=2026-06-09&page_size=100 HTTP/1.1" 200 0
INFO 2026-06-09 07:29:25,215 basehttp "OPTIONS /api/v1/financials/petty-cash/?start_date=2026-06-09&end_date=2026-06-09&page_size=100 HTTP/1.1" 200 0
INFO 2026-06-09 07:29:25,215 basehttp "OPTIONS /api/v1/financials/petty-cash/?start_date=2026-06-09&end_date=2026-06-09&page_size=100 HTTP/1.1" 200 0
INFO 2026-06-09 07:29:25,225 basehttp "OPTIONS /api/v1/hr/payroll/ HTTP/1.1" 200 0
INFO 2026-06-09 07:29:25,211 basehttp "OPTIONS /api/v1/financials/petty-cash/?start_date=2026-06-09&end_date=2026-06-09&page_size=100 HTTP/1.1" 200 0
INFO 2026-06-09 07:29:25,231 basehttp "OPTIONS /api/v1/sales/sales/?start_date=2026-06-09&end_date=2026-06-09&page_size=100 HTTP/1.1" 200 0
INFO 2026-06-09 07:29:25,231 basehttp "OPTIONS /api/v1/sales/sales/?start_date=2026-06-09&end_date=2026-06-09&page_size=100 HTTP/1.1" 200 0
INFO 2026-06-09 07:29:25,239 basehttp "OPTIONS /api/v1/financials/transactions/?start_date=2026-06-09&end_date=2026-06-09&page_size=100 HTTP/1.1" 200 0
INFO 2026-06-09 07:29:25,225 basehttp "OPTIONS /api/v1/hr/payroll/ HTTP/1.1" 200 0
INFO 2026-06-09 07:29:25,234 basehttp "OPTIONS /api/v1/hr/payroll/ HTTP/1.1" 200 0
INFO 2026-06-09 07:29:25,239 basehttp "OPTIONS /api/v1/financials/transactions/?start_date=2026-06-09&end_date=2026-06-09&page_size=100 HTTP/1.1" 200 0
INFO 2026-06-09 07:29:25,234 basehttp "OPTIONS /api/v1/hr/payroll/ HTTP/1.1" 200 0
INFO 2026-06-09 07:29:25,391 basehttp "GET /api/v1/financials/transactions/?start_date=2026-06-09&end_date=2026-06-09&page_size=100 HTTP/1.1" 200 4560
INFO 2026-06-09 07:29:25,391 basehttp "GET /api/v1/financials/transactions/?start_date=2026-06-09&end_date=2026-06-09&page_size=100 HTTP/1.1" 200 4560
INFO 2026-06-09 07:29:25,493 basehttp "GET /api/v1/sales/sales/?start_date=2026-06-09&end_date=2026-06-09&page_size=100 HTTP/1.1" 200 52
INFO 2026-06-09 07:29:25,493 basehttp "GET /api/v1/sales/sales/?start_date=2026-06-09&end_date=2026-06-09&page_size=100 HTTP/1.1" 200 52
INFO 2026-06-09 07:29:25,541 basehttp "GET /api/v1/financials/transactions/?start_date=2026-06-09&end_date=2026-06-09&page_size=100 HTTP/1.1" 200 4560
INFO 2026-06-09 07:29:25,541 basehttp "GET /api/v1/financials/transactions/?start_date=2026-06-09&end_date=2026-06-09&page_size=100 HTTP/1.1" 200 4560
INFO 2026-06-09 07:29:25,551 basehttp "GET /api/v1/financials/petty-cash/?start_date=2026-06-09&end_date=2026-06-09&page_size=100 HTTP/1.1" 200 263
INFO 2026-06-09 07:29:25,551 basehttp "GET /api/v1/financials/petty-cash/?start_date=2026-06-09&end_date=2026-06-09&page_size=100 HTTP/1.1" 200 263
INFO 2026-06-09 07:29:25,616 basehttp "GET /api/v1/sales/sales/?start_date=2026-06-09&end_date=2026-06-09&page_size=100 HTTP/1.1" 200 52
INFO 2026-06-09 07:29:25,616 basehttp "GET /api/v1/sales/sales/?start_date=2026-06-09&end_date=2026-06-09&page_size=100 HTTP/1.1" 200 52
INFO 2026-06-09 07:29:25,629 basehttp "GET /api/v1/hr/payroll/ HTTP/1.1" 200 4108
INFO 2026-06-09 07:29:25,629 basehttp "GET /api/v1/hr/payroll/ HTTP/1.1" 200 4108
INFO 2026-06-09 07:29:25,635 basehttp "GET /api/v1/financials/petty-cash/?start_date=2026-06-09&end_date=2026-06-09&page_size=100 HTTP/1.1" 200 263
INFO 2026-06-09 07:29:25,635 basehttp "GET /api/v1/financials/petty-cash/?start_date=2026-06-09&end_date=2026-06-09&page_size=100 HTTP/1.1" 200 263
INFO 2026-06-09 07:29:25,653 basehttp "OPTIONS /api/v1/financials/invoices/?status=paid&start_date=2026-06-09&end_date=2026-06-09&page_size=100 HTTP/1.1" 200 0
INFO 2026-06-09 07:29:25,653 basehttp "OPTIONS /api/v1/financials/invoices/?status=paid&start_date=2026-06-09&end_date=2026-06-09&page_size=100 HTTP/1.1" 200 0
INFO 2026-06-09 07:29:25,704 basehttp "GET /api/v1/hr/payroll/ HTTP/1.1" 200 4108
INFO 2026-06-09 07:29:25,704 basehttp "GET /api/v1/hr/payroll/ HTTP/1.1" 200 4108
INFO 2026-06-09 07:29:25,745 basehttp "GET /api/v1/financials/invoices/?status=paid&start_date=2026-06-09&end_date=2026-06-09&page_size=100 HTTP/1.1" 200 3631
INFO 2026-06-09 07:29:25,745 basehttp "GET /api/v1/financials/invoices/?status=paid&start_date=2026-06-09&end_date=2026-06-09&page_size=100 HTTP/1.1" 200 3631
INFO 2026-06-09 07:29:25,856 basehttp "GET /api/v1/financials/invoices/?status=paid&start_date=2026-06-09&end_date=2026-06-09&page_size=100 HTTP/1.1" 200 3631
INFO 2026-06-09 07:29:25,856 basehttp "GET /api/v1/financials/invoices/?status=paid&start_date=2026-06-09&end_date=2026-06-09&page_size=100 HTTP/1.1" 200 3631
INFO 2026-06-09 07:29:47,812 basehttp "OPTIONS /api/v1/bi/dashboard/available-months/ HTTP/1.1" 200 0
INFO 2026-06-09 07:29:47,813 basehttp "OPTIONS /api/v1/bi/dashboard/available-months/ HTTP/1.1" 200 0
INFO 2026-06-09 07:29:47,812 basehttp "OPTIONS /api/v1/bi/dashboard/available-months/ HTTP/1.1" 200 0
INFO 2026-06-09 07:29:47,813 basehttp "OPTIONS /api/v1/bi/dashboard/available-months/ HTTP/1.1" 200 0
INFO 2026-06-09 07:29:47,829 basehttp "GET /api/v1/bi/dashboard/available-months/ HTTP/1.1" 200 177
INFO 2026-06-09 07:29:47,829 basehttp "GET /api/v1/bi/dashboard/available-months/ HTTP/1.1" 200 177
INFO 2026-06-09 07:29:47,846 basehttp "OPTIONS /api/v1/sales/sales/?start_date=2026-05-31&end_date=2026-06-29&page_size=500 HTTP/1.1" 200 0
INFO 2026-06-09 07:29:47,846 basehttp "OPTIONS /api/v1/sales/sales/?start_date=2026-05-31&end_date=2026-06-29&page_size=500 HTTP/1.1" 200 0
INFO 2026-06-09 07:29:47,862 basehttp "GET /api/v1/bi/dashboard/available-months/ HTTP/1.1" 200 177
INFO 2026-06-09 07:29:47,862 basehttp "GET /api/v1/bi/dashboard/available-months/ HTTP/1.1" 200 177
INFO 2026-06-09 07:29:47,914 basehttp "GET /api/v1/sales/sales/?start_date=2026-05-31&end_date=2026-06-29&page_size=500 HTTP/1.1" 200 3047
INFO 2026-06-09 07:29:47,914 basehttp "GET /api/v1/sales/sales/?start_date=2026-05-31&end_date=2026-06-29&page_size=500 HTTP/1.1" 200 3047
INFO 2026-06-09 07:29:47,923 basehttp "OPTIONS /api/v1/bi/sales/top-products/?limit=10 HTTP/1.1" 200 0
INFO 2026-06-09 07:29:47,923 basehttp "OPTIONS /api/v1/bi/sales/top-products/?limit=10 HTTP/1.1" 200 0
INFO 2026-06-09 07:29:47,957 basehttp "GET /api/v1/bi/sales/top-products/?limit=10 HTTP/1.1" 200 342
INFO 2026-06-09 07:29:47,957 basehttp "GET /api/v1/bi/sales/top-products/?limit=10 HTTP/1.1" 200 342
INFO 2026-06-09 07:29:47,973 basehttp "OPTIONS /api/v1/bi/trends/?days=180 HTTP/1.1" 200 0
INFO 2026-06-09 07:29:47,973 basehttp "OPTIONS /api/v1/bi/trends/?days=180 HTTP/1.1" 200 0
INFO 2026-06-09 07:29:48,423 basehttp "GET /api/v1/bi/trends/?days=180 HTTP/1.1" 200 6572
INFO 2026-06-09 07:29:48,423 basehttp "GET /api/v1/bi/trends/?days=180 HTTP/1.1" 200 6572
INFO 2026-06-09 07:30:17,022 basehttp "GET /api/v1/bi/dashboard/available-months/ HTTP/1.1" 200 177
INFO 2026-06-09 07:30:17,022 basehttp "GET /api/v1/bi/dashboard/available-months/ HTTP/1.1" 200 177
INFO 2026-06-09 07:30:17,054 basehttp "GET /api/v1/bi/dashboard/available-months/ HTTP/1.1" 200 177
INFO 2026-06-09 07:30:17,054 basehttp "GET /api/v1/bi/dashboard/available-months/ HTTP/1.1" 200 177
INFO 2026-06-09 07:30:17,081 basehttp "OPTIONS /api/v1/inventory/products/ HTTP/1.1" 200 0
INFO 2026-06-09 07:30:17,081 basehttp "OPTIONS /api/v1/inventory/products/ HTTP/1.1" 200 0
INFO 2026-06-09 07:30:17,145 basehttp "GET /api/v1/inventory/products/ HTTP/1.1" 200 2245
INFO 2026-06-09 07:30:17,145 basehttp "GET /api/v1/inventory/products/ HTTP/1.1" 200 2245
INFO 2026-06-09 07:30:17,177 basehttp "GET /api/v1/bi/sales/top-products/?limit=10 HTTP/1.1" 200 342
INFO 2026-06-09 07:30:17,177 basehttp "GET /api/v1/bi/sales/top-products/?limit=10 HTTP/1.1" 200 342
INFO 2026-06-09 07:30:17,187 basehttp "OPTIONS /api/v1/bi/inventory/slow-moving/ HTTP/1.1" 200 0
INFO 2026-06-09 07:30:17,187 basehttp "OPTIONS /api/v1/bi/inventory/slow-moving/ HTTP/1.1" 200 0
INFO 2026-06-09 07:30:17,218 basehttp "GET /api/v1/bi/inventory/slow-moving/ HTTP/1.1" 200 37
INFO 2026-06-09 07:30:17,218 basehttp "GET /api/v1/bi/inventory/slow-moving/ HTTP/1.1" 200 37
INFO 2026-06-09 07:30:17,239 basehttp "OPTIONS /api/v1/inventory/stock/movements/?start_date=2026-05-31&end_date=2026-06-29&page_size=100 HTTP/1.1" 200 0
INFO 2026-06-09 07:30:17,239 basehttp "OPTIONS /api/v1/inventory/stock/movements/?start_date=2026-05-31&end_date=2026-06-29&page_size=100 HTTP/1.1" 200 0
INFO 2026-06-09 07:30:17,308 basehttp "GET /api/v1/inventory/stock/movements/?start_date=2026-05-31&end_date=2026-06-29&page_size=100 HTTP/1.1" 200 4171
INFO 2026-06-09 07:30:17,308 basehttp "GET /api/v1/inventory/stock/movements/?start_date=2026-05-31&end_date=2026-06-29&page_size=100 HTTP/1.1" 200 4171
INFO 2026-06-09 07:30:28,848 basehttp "GET /api/v1/inventory/products/ HTTP/1.1" 200 2245
INFO 2026-06-09 07:30:28,848 basehttp "GET /api/v1/inventory/products/ HTTP/1.1" 200 2245
INFO 2026-06-09 07:30:28,871 basehttp "GET /api/v1/bi/sales/top-products/?limit=10 HTTP/1.1" 200 342
INFO 2026-06-09 07:30:28,871 basehttp "GET /api/v1/bi/sales/top-products/?limit=10 HTTP/1.1" 200 342
INFO 2026-06-09 07:30:28,900 basehttp "GET /api/v1/bi/inventory/slow-moving/ HTTP/1.1" 200 37
INFO 2026-06-09 07:30:28,900 basehttp "GET /api/v1/bi/inventory/slow-moving/ HTTP/1.1" 200 37
INFO 2026-06-09 07:30:28,908 basehttp "OPTIONS /api/v1/inventory/stock/movements/?start_date=2026-04-30&end_date=2026-05-30&page_size=100 HTTP/1.1" 200 0
INFO 2026-06-09 07:30:28,908 basehttp "OPTIONS /api/v1/inventory/stock/movements/?start_date=2026-04-30&end_date=2026-05-30&page_size=100 HTTP/1.1" 200 0
INFO 2026-06-09 07:30:28,970 basehttp "GET /api/v1/inventory/stock/movements/?start_date=2026-04-30&end_date=2026-05-30&page_size=100 HTTP/1.1" 200 4171
INFO 2026-06-09 07:30:28,970 basehttp "GET /api/v1/inventory/stock/movements/?start_date=2026-04-30&end_date=2026-05-30&page_size=100 HTTP/1.1" 200 4171
INFO 2026-06-09 07:30:32,094 basehttp "GET /api/v1/inventory/products/ HTTP/1.1" 200 2245
INFO 2026-06-09 07:30:32,094 basehttp "GET /api/v1/inventory/products/ HTTP/1.1" 200 2245
INFO 2026-06-09 07:30:32,119 basehttp "GET /api/v1/bi/sales/top-products/?limit=10 HTTP/1.1" 200 342
INFO 2026-06-09 07:30:32,119 basehttp "GET /api/v1/bi/sales/top-products/?limit=10 HTTP/1.1" 200 342
INFO 2026-06-09 07:30:32,142 basehttp "GET /api/v1/bi/inventory/slow-moving/ HTTP/1.1" 200 37
INFO 2026-06-09 07:30:32,142 basehttp "GET /api/v1/bi/inventory/slow-moving/ HTTP/1.1" 200 37
INFO 2026-06-09 07:30:32,202 basehttp "GET /api/v1/inventory/stock/movements/?start_date=2026-05-31&end_date=2026-06-29&page_size=100 HTTP/1.1" 200 4171
INFO 2026-06-09 07:30:32,202 basehttp "GET /api/v1/inventory/stock/movements/?start_date=2026-05-31&end_date=2026-06-29&page_size=100 HTTP/1.1" 200 4171
INFO 2026-06-09 07:31:09,416 basehttp "GET /api/v1/bi/dashboard/available-months/ HTTP/1.1" 200 177
INFO 2026-06-09 07:31:09,416 basehttp "GET /api/v1/bi/dashboard/available-months/ HTTP/1.1" 200 177
INFO 2026-06-09 07:31:09,483 basehttp "OPTIONS /api/v1/hr/employees/ HTTP/1.1" 200 0
INFO 2026-06-09 07:31:09,483 basehttp "OPTIONS /api/v1/hr/employees/ HTTP/1.1" 200 0
INFO 2026-06-09 07:31:09,494 basehttp "GET /api/v1/bi/dashboard/available-months/ HTTP/1.1" 200 177
INFO 2026-06-09 07:31:09,494 basehttp "GET /api/v1/bi/dashboard/available-months/ HTTP/1.1" 200 177
INFO 2026-06-09 07:31:09,543 basehttp "GET /api/v1/hr/employees/ HTTP/1.1" 200 4708
INFO 2026-06-09 07:31:09,543 basehttp "GET /api/v1/hr/employees/ HTTP/1.1" 200 4708
INFO 2026-06-09 07:31:09,771 basehttp "GET /api/v1/hr/payroll/ HTTP/1.1" 200 4108
INFO 2026-06-09 07:31:09,771 basehttp "GET /api/v1/hr/payroll/ HTTP/1.1" 200 4108
INFO 2026-06-09 07:31:51,023 basehttp "GET /api/v1/bi/dashboard/available-months/ HTTP/1.1" 200 177
INFO 2026-06-09 07:31:51,023 basehttp "GET /api/v1/bi/dashboard/available-months/ HTTP/1.1" 200 177
INFO 2026-06-09 07:31:51,064 basehttp "OPTIONS /api/v1/sales/customers/ HTTP/1.1" 200 0
INFO 2026-06-09 07:31:51,064 basehttp "OPTIONS /api/v1/sales/customers/ HTTP/1.1" 200 0
INFO 2026-06-09 07:31:51,068 basehttp "GET /api/v1/bi/dashboard/available-months/ HTTP/1.1" 200 177
INFO 2026-06-09 07:31:51,068 basehttp "GET /api/v1/bi/dashboard/available-months/ HTTP/1.1" 200 177
INFO 2026-06-09 07:31:51,099 basehttp "GET /api/v1/sales/customers/ HTTP/1.1" 200 2392
INFO 2026-06-09 07:31:51,099 basehttp "GET /api/v1/sales/customers/ HTTP/1.1" 200 2392
INFO 2026-06-09 07:32:35,158 basehttp "OPTIONS /api/v1/bi/sales/performance/?period=31d HTTP/1.1" 200 0
INFO 2026-06-09 07:32:35,159 basehttp "OPTIONS /api/v1/bi/sales/performance/?period=31d HTTP/1.1" 200 0
INFO 2026-06-09 07:32:35,158 basehttp "OPTIONS /api/v1/bi/sales/performance/?period=31d HTTP/1.1" 200 0
INFO 2026-06-09 07:32:35,159 basehttp "OPTIONS /api/v1/bi/sales/performance/?period=31d HTTP/1.1" 200 0
INFO 2026-06-09 07:32:35,347 basehttp "GET /api/v1/bi/sales/performance/?period=31d HTTP/1.1" 200 1960
INFO 2026-06-09 07:32:35,347 basehttp "GET /api/v1/bi/sales/performance/?period=31d HTTP/1.1" 200 1960
INFO 2026-06-09 07:32:35,386 basehttp "GET /api/v1/bi/sales/top-products/?limit=10 HTTP/1.1" 200 342
INFO 2026-06-09 07:32:35,386 basehttp "GET /api/v1/bi/sales/top-products/?limit=10 HTTP/1.1" 200 342
INFO 2026-06-09 07:32:35,584 basehttp "GET /api/v1/bi/sales/performance/?period=31d HTTP/1.1" 200 1960
INFO 2026-06-09 07:32:35,584 basehttp "GET /api/v1/bi/sales/performance/?period=31d HTTP/1.1" 200 1960
INFO 2026-06-09 07:32:35,614 basehttp "GET /api/v1/bi/sales/top-products/?limit=10 HTTP/1.1" 200 342
INFO 2026-06-09 07:32:35,614 basehttp "GET /api/v1/bi/sales/top-products/?limit=10 HTTP/1.1" 200 342
INFO 2026-06-09 13:16:19,893 autoreload Watching for file changes with StatReloader
INFO 2026-06-09 13:16:19,893 autoreload Watching for file changes with StatReloader
INFO 2026-06-09 13:18:57,571 basehttp "OPTIONS /api/v1/auth/login/ HTTP/1.1" 200 0
INFO 2026-06-09 13:18:57,571 basehttp "OPTIONS /api/v1/auth/login/ HTTP/1.1" 200 0
WARNING 2026-06-09 13:18:57,632 basehttp "POST /api/v1/auth/login/ HTTP/1.1" 401 183
WARNING 2026-06-09 13:18:57,632 basehttp "POST /api/v1/auth/login/ HTTP/1.1" 401 183
INFO 2026-06-09 13:18:57,643 basehttp "OPTIONS /api/v1/auth/refresh/ HTTP/1.1" 200 0
INFO 2026-06-09 13:18:57,643 basehttp "OPTIONS /api/v1/auth/refresh/ HTTP/1.1" 200 0
INFO 2026-06-09 13:18:57,861 basehttp "POST /api/v1/auth/refresh/ HTTP/1.1" 200 483
INFO 2026-06-09 13:18:57,861 basehttp "POST /api/v1/auth/refresh/ HTTP/1.1" 200 483
INFO 2026-06-09 13:18:59,963 basehttp "POST /api/v1/auth/login/ HTTP/1.1" 200 790
INFO 2026-06-09 13:18:59,963 basehttp "POST /api/v1/auth/login/ HTTP/1.1" 200 790
INFO 2026-06-09 13:19:11,121 basehttp "OPTIONS /api/v1/inventory/products/ HTTP/1.1" 200 0
INFO 2026-06-09 13:19:11,121 basehttp "OPTIONS /api/v1/inventory/products/ HTTP/1.1" 200 0
INFO 2026-06-09 13:19:11,129 basehttp "OPTIONS /api/v1/inventory/products/ HTTP/1.1" 200 0
INFO 2026-06-09 13:19:11,129 basehttp "OPTIONS /api/v1/inventory/products/ HTTP/1.1" 200 0
INFO 2026-06-09 13:19:11,140 basehttp "OPTIONS /api/v1/sales/customers/ HTTP/1.1" 200 0
INFO 2026-06-09 13:19:11,140 basehttp "OPTIONS /api/v1/sales/customers/ HTTP/1.1" 200 0
INFO 2026-06-09 13:19:11,153 basehttp "OPTIONS /api/v1/sales/customers/ HTTP/1.1" 200 0
INFO 2026-06-09 13:19:11,153 basehttp "OPTIONS /api/v1/sales/customers/ HTTP/1.1" 200 0
INFO 2026-06-09 13:19:11,321 basehttp "GET /api/v1/inventory/products/ HTTP/1.1" 200 2245
INFO 2026-06-09 13:19:11,321 basehttp "GET /api/v1/inventory/products/ HTTP/1.1" 200 2245
INFO 2026-06-09 13:19:11,354 basehttp "GET /api/v1/sales/customers/ HTTP/1.1" 200 2392
INFO 2026-06-09 13:19:11,354 basehttp "GET /api/v1/sales/customers/ HTTP/1.1" 200 2392
INFO 2026-06-09 13:19:11,599 basehttp "GET /api/v1/sales/customers/ HTTP/1.1" 200 2392
INFO 2026-06-09 13:19:11,599 basehttp "GET /api/v1/sales/customers/ HTTP/1.1" 200 2392
INFO 2026-06-09 13:19:11,652 basehttp "GET /api/v1/inventory/products/ HTTP/1.1" 200 2245
INFO 2026-06-09 13:19:11,652 basehttp "GET /api/v1/inventory/products/ HTTP/1.1" 200 2245
INFO 2026-06-09 13:20:13,651 basehttp "OPTIONS /api/v1/sales/sales/process/ HTTP/1.1" 200 0
INFO 2026-06-09 13:20:13,651 basehttp "OPTIONS /api/v1/sales/sales/process/ HTTP/1.1" 200 0
INFO 2026-06-09 13:20:13,711 basehttp "POST /api/v1/sales/sales/process/ HTTP/1.1" 201 1017
INFO 2026-06-09 13:20:13,711 basehttp "POST /api/v1/sales/sales/process/ HTTP/1.1" 201 1017
INFO 2026-06-09 13:20:13,772 basehttp "GET /api/v1/sales/customers/ HTTP/1.1" 200 2392
INFO 2026-06-09 13:20:13,772 basehttp "GET /api/v1/sales/customers/ HTTP/1.1" 200 2392
INFO 2026-06-09 13:20:13,803 basehttp "GET /api/v1/inventory/products/ HTTP/1.1" 200 2245
INFO 2026-06-09 13:20:13,803 basehttp "GET /api/v1/inventory/products/ HTTP/1.1" 200 2245
INFO 2026-06-09 13:20:46,760 basehttp "OPTIONS /api/v1/sales/returns/?page=1&page_size=20 HTTP/1.1" 200 0
INFO 2026-06-09 13:20:46,760 basehttp "OPTIONS /api/v1/sales/returns/?page=1&page_size=20 HTTP/1.1" 200 0
INFO 2026-06-09 13:20:46,760 basehttp "OPTIONS /api/v1/sales/returns/?page=1&page_size=20 HTTP/1.1" 200 0
INFO 2026-06-09 13:20:46,760 basehttp "OPTIONS /api/v1/sales/returns/?page=1&page_size=20 HTTP/1.1" 200 0
WARNING 2026-06-09 13:20:46,774 basehttp "GET /api/v1/sales/returns/?page=1&page_size=20 HTTP/1.1" 403 63
WARNING 2026-06-09 13:20:46,774 basehttp "GET /api/v1/sales/returns/?page=1&page_size=20 HTTP/1.1" 403 63
WARNING 2026-06-09 13:20:46,833 basehttp "GET /api/v1/sales/returns/?page=1&page_size=20 HTTP/1.1" 403 63
WARNING 2026-06-09 13:20:46,833 basehttp "GET /api/v1/sales/returns/?page=1&page_size=20 HTTP/1.1" 403 63
INFO 2026-06-09 13:21:29,051 basehttp "OPTIONS /api/v1/auth/profile/ HTTP/1.1" 200 0
INFO 2026-06-09 13:21:29,052 basehttp "OPTIONS /api/v1/auth/profile/ HTTP/1.1" 200 0
INFO 2026-06-09 13:21:29,051 basehttp "OPTIONS /api/v1/auth/profile/ HTTP/1.1" 200 0
INFO 2026-06-09 13:21:29,052 basehttp "OPTIONS /api/v1/auth/profile/ HTTP/1.1" 200 0
INFO 2026-06-09 13:21:29,069 basehttp "GET /api/v1/auth/profile/ HTTP/1.1" 200 267
INFO 2026-06-09 13:21:29,069 basehttp "GET /api/v1/auth/profile/ HTTP/1.1" 200 267
INFO 2026-06-09 13:21:29,176 basehttp "GET /api/v1/auth/profile/ HTTP/1.1" 200 267
INFO 2026-06-09 13:21:29,176 basehttp "GET /api/v1/auth/profile/ HTTP/1.1" 200 267
INFO 2026-06-09 13:22:05,801 basehttp "POST /api/v1/auth/login/ HTTP/1.1" 200 787
INFO 2026-06-09 13:22:05,801 basehttp "POST /api/v1/auth/login/ HTTP/1.1" 200 787
INFO 2026-06-09 13:22:08,805 basehttp "OPTIONS /api/v1/inventory/categories/ HTTP/1.1" 200 0
INFO 2026-06-09 13:22:08,805 basehttp "OPTIONS /api/v1/inventory/categories/ HTTP/1.1" 200 0
INFO 2026-06-09 13:22:08,806 basehttp "OPTIONS /api/v1/inventory/suppliers/ HTTP/1.1" 200 0
INFO 2026-06-09 13:22:08,805 basehttp "OPTIONS /api/v1/inventory/suppliers/ HTTP/1.1" 200 0
INFO 2026-06-09 13:22:08,809 basehttp "OPTIONS /api/v1/inventory/categories/ HTTP/1.1" 200 0
INFO 2026-06-09 13:22:08,806 basehttp "OPTIONS /api/v1/inventory/suppliers/ HTTP/1.1" 200 0
INFO 2026-06-09 13:22:08,805 basehttp "OPTIONS /api/v1/inventory/suppliers/ HTTP/1.1" 200 0
INFO 2026-06-09 13:22:08,809 basehttp "OPTIONS /api/v1/inventory/categories/ HTTP/1.1" 200 0
INFO 2026-06-09 13:22:08,902 basehttp "GET /api/v1/inventory/suppliers/ HTTP/1.1" 200 532
INFO 2026-06-09 13:22:08,902 basehttp "GET /api/v1/inventory/suppliers/ HTTP/1.1" 200 532
INFO 2026-06-09 13:22:08,936 basehttp "GET /api/v1/inventory/products/ HTTP/1.1" 200 2245
INFO 2026-06-09 13:22:08,936 basehttp "GET /api/v1/inventory/products/ HTTP/1.1" 200 2245
INFO 2026-06-09 13:22:08,979 basehttp "GET /api/v1/inventory/categories/ HTTP/1.1" 200 454
INFO 2026-06-09 13:22:08,979 basehttp "GET /api/v1/inventory/categories/ HTTP/1.1" 200 454
INFO 2026-06-09 13:22:09,059 basehttp "GET /api/v1/inventory/suppliers/ HTTP/1.1" 200 532
INFO 2026-06-09 13:22:09,059 basehttp "GET /api/v1/inventory/suppliers/ HTTP/1.1" 200 532
INFO 2026-06-09 13:22:09,068 basehttp "GET /api/v1/inventory/categories/ HTTP/1.1" 200 454
INFO 2026-06-09 13:22:09,068 basehttp "GET /api/v1/inventory/categories/ HTTP/1.1" 200 454
INFO 2026-06-09 13:22:09,075 basehttp "GET /api/v1/inventory/products/ HTTP/1.1" 200 2245
INFO 2026-06-09 13:22:09,075 basehttp "GET /api/v1/inventory/products/ HTTP/1.1" 200 2245
INFO 2026-06-09 13:22:35,130 basehttp "OPTIONS /api/v1/inventory/stock/movements/ HTTP/1.1" 200 0
INFO 2026-06-09 13:22:35,144 basehttp "OPTIONS /api/v1/inventory/stock/movements/ HTTP/1.1" 200 0
INFO 2026-06-09 13:22:35,130 basehttp "OPTIONS /api/v1/inventory/stock/movements/ HTTP/1.1" 200 0
INFO 2026-06-09 13:22:35,144 basehttp "OPTIONS /api/v1/inventory/stock/movements/ HTTP/1.1" 200 0
INFO 2026-06-09 13:22:35,243 basehttp "GET /api/v1/inventory/products/ HTTP/1.1" 200 2245
INFO 2026-06-09 13:22:35,243 basehttp "GET /api/v1/inventory/products/ HTTP/1.1" 200 2245
INFO 2026-06-09 13:22:35,270 basehttp "GET /api/v1/inventory/stock/movements/ HTTP/1.1" 200 4115
INFO 2026-06-09 13:22:35,270 basehttp "GET /api/v1/inventory/stock/movements/ HTTP/1.1" 200 4115
INFO 2026-06-09 13:22:35,326 basehttp "GET /api/v1/inventory/products/ HTTP/1.1" 200 2245
INFO 2026-06-09 13:22:35,326 basehttp "GET /api/v1/inventory/products/ HTTP/1.1" 200 2245
INFO 2026-06-09 13:22:35,398 basehttp "GET /api/v1/inventory/stock/movements/ HTTP/1.1" 200 4115
INFO 2026-06-09 13:22:35,398 basehttp "GET /api/v1/inventory/stock/movements/ HTTP/1.1" 200 4115
INFO 2026-06-09 13:22:56,086 basehttp "GET /api/v1/inventory/categories/ HTTP/1.1" 200 454
INFO 2026-06-09 13:22:56,086 basehttp "GET /api/v1/inventory/categories/ HTTP/1.1" 200 454
INFO 2026-06-09 13:22:56,095 basehttp "GET /api/v1/inventory/suppliers/ HTTP/1.1" 200 532
INFO 2026-06-09 13:22:56,095 basehttp "GET /api/v1/inventory/suppliers/ HTTP/1.1" 200 532
INFO 2026-06-09 13:22:56,154 basehttp "GET /api/v1/inventory/products/ HTTP/1.1" 200 2245
INFO 2026-06-09 13:22:56,154 basehttp "GET /api/v1/inventory/products/ HTTP/1.1" 200 2245
INFO 2026-06-09 13:22:56,228 basehttp "GET /api/v1/inventory/products/ HTTP/1.1" 200 2245
INFO 2026-06-09 13:22:56,228 basehttp "GET /api/v1/inventory/products/ HTTP/1.1" 200 2245
INFO 2026-06-09 13:22:56,251 basehttp "GET /api/v1/inventory/categories/ HTTP/1.1" 200 454
INFO 2026-06-09 13:22:56,251 basehttp "GET /api/v1/inventory/categories/ HTTP/1.1" 200 454
INFO 2026-06-09 13:22:56,253 basehttp "GET /api/v1/inventory/suppliers/ HTTP/1.1" 200 532
INFO 2026-06-09 13:22:56,253 basehttp "GET /api/v1/inventory/suppliers/ HTTP/1.1" 200 532
INFO 2026-06-09 13:22:58,610 basehttp "GET /api/v1/inventory/products/ HTTP/1.1" 200 2245
INFO 2026-06-09 13:22:58,610 basehttp "GET /api/v1/inventory/products/ HTTP/1.1" 200 2245
INFO 2026-06-09 13:22:58,643 basehttp "GET /api/v1/inventory/stock/movements/ HTTP/1.1" 200 4115
INFO 2026-06-09 13:22:58,643 basehttp "GET /api/v1/inventory/stock/movements/ HTTP/1.1" 200 4115
INFO 2026-06-09 13:22:58,704 basehttp "GET /api/v1/inventory/products/ HTTP/1.1" 200 2245
INFO 2026-06-09 13:22:58,704 basehttp "GET /api/v1/inventory/products/ HTTP/1.1" 200 2245
INFO 2026-06-09 13:22:58,754 basehttp "GET /api/v1/inventory/stock/movements/ HTTP/1.1" 200 4115
INFO 2026-06-09 13:22:58,754 basehttp "GET /api/v1/inventory/stock/movements/ HTTP/1.1" 200 4115
INFO 2026-06-09 13:23:28,740 basehttp "OPTIONS /api/v1/inventory/purchase-orders/ HTTP/1.1" 200 0
INFO 2026-06-09 13:23:28,746 basehttp "OPTIONS /api/v1/inventory/purchase-orders/ HTTP/1.1" 200 0
INFO 2026-06-09 13:23:28,746 basehttp "OPTIONS /api/v1/inventory/purchase-orders/ HTTP/1.1" 200 0
INFO 2026-06-09 13:23:28,740 basehttp "OPTIONS /api/v1/inventory/purchase-orders/ HTTP/1.1" 200 0
INFO 2026-06-09 13:23:28,829 basehttp "GET /api/v1/inventory/suppliers/ HTTP/1.1" 200 532
INFO 2026-06-09 13:23:28,829 basehttp "GET /api/v1/inventory/suppliers/ HTTP/1.1" 200 532
INFO 2026-06-09 13:23:28,861 basehttp "GET /api/v1/inventory/products/ HTTP/1.1" 200 2245
INFO 2026-06-09 13:23:28,861 basehttp "GET /api/v1/inventory/products/ HTTP/1.1" 200 2245
INFO 2026-06-09 13:23:28,892 basehttp "GET /api/v1/inventory/purchase-orders/ HTTP/1.1" 200 693
INFO 2026-06-09 13:23:28,892 basehttp "GET /api/v1/inventory/purchase-orders/ HTTP/1.1" 200 693
INFO 2026-06-09 13:23:28,974 basehttp "GET /api/v1/inventory/purchase-orders/ HTTP/1.1" 200 693
INFO 2026-06-09 13:23:28,974 basehttp "GET /api/v1/inventory/purchase-orders/ HTTP/1.1" 200 693
INFO 2026-06-09 13:23:28,980 basehttp "GET /api/v1/inventory/suppliers/ HTTP/1.1" 200 532
INFO 2026-06-09 13:23:28,980 basehttp "GET /api/v1/inventory/suppliers/ HTTP/1.1" 200 532
INFO 2026-06-09 13:23:28,985 basehttp "GET /api/v1/inventory/products/ HTTP/1.1" 200 2245
INFO 2026-06-09 13:23:28,985 basehttp "GET /api/v1/inventory/products/ HTTP/1.1" 200 2245
INFO 2026-06-09 13:24:26,707 basehttp "POST /api/v1/auth/login/ HTTP/1.1" 200 808
INFO 2026-06-09 13:24:26,707 basehttp "POST /api/v1/auth/login/ HTTP/1.1" 200 808
INFO 2026-06-09 13:24:32,131 basehttp "OPTIONS /api/v1/financials/petty-cash/?start_date=2026-06-09&end_date=2026-06-09&page_size=100 HTTP/1.1" 200 0
INFO 2026-06-09 13:24:32,133 basehttp "OPTIONS /api/v1/financials/transactions/?start_date=2026-06-09&end_date=2026-06-09&page_size=100 HTTP/1.1" 200 0
INFO 2026-06-09 13:24:32,133 basehttp "OPTIONS /api/v1/financials/transactions/?start_date=2026-06-09&end_date=2026-06-09&page_size=100 HTTP/1.1" 200 0
INFO 2026-06-09 13:24:32,135 basehttp "OPTIONS /api/v1/hr/payroll/ HTTP/1.1" 200 0
INFO 2026-06-09 13:24:32,135 basehttp "OPTIONS /api/v1/hr/payroll/ HTTP/1.1" 200 0
INFO 2026-06-09 13:24:32,138 basehttp "OPTIONS /api/v1/sales/sales/?start_date=2026-06-09&end_date=2026-06-09&page_size=100 HTTP/1.1" 200 0
INFO 2026-06-09 13:24:32,148 basehttp "OPTIONS /api/v1/sales/sales/?start_date=2026-06-09&end_date=2026-06-09&page_size=100 HTTP/1.1" 200 0
INFO 2026-06-09 13:24:32,136 basehttp "OPTIONS /api/v1/financials/transactions/?start_date=2026-06-09&end_date=2026-06-09&page_size=100 HTTP/1.1" 200 0
INFO 2026-06-09 13:24:32,154 basehttp "OPTIONS /api/v1/hr/payroll/ HTTP/1.1" 200 0
INFO 2026-06-09 13:24:32,131 basehttp "OPTIONS /api/v1/financials/petty-cash/?start_date=2026-06-09&end_date=2026-06-09&page_size=100 HTTP/1.1" 200 0
INFO 2026-06-09 13:24:32,138 basehttp "OPTIONS /api/v1/sales/sales/?start_date=2026-06-09&end_date=2026-06-09&page_size=100 HTTP/1.1" 200 0
INFO 2026-06-09 13:24:32,148 basehttp "OPTIONS /api/v1/sales/sales/?start_date=2026-06-09&end_date=2026-06-09&page_size=100 HTTP/1.1" 200 0
INFO 2026-06-09 13:24:32,136 basehttp "OPTIONS /api/v1/financials/transactions/?start_date=2026-06-09&end_date=2026-06-09&page_size=100 HTTP/1.1" 200 0
INFO 2026-06-09 13:24:32,154 basehttp "OPTIONS /api/v1/hr/payroll/ HTTP/1.1" 200 0
INFO 2026-06-09 13:24:32,174 basehttp "OPTIONS /api/v1/financials/petty-cash/?start_date=2026-06-09&end_date=2026-06-09&page_size=100 HTTP/1.1" 200 0
INFO 2026-06-09 13:24:32,174 basehttp "OPTIONS /api/v1/financials/petty-cash/?start_date=2026-06-09&end_date=2026-06-09&page_size=100 HTTP/1.1" 200 0
INFO 2026-06-09 13:24:32,215 basehttp "GET /api/v1/financials/petty-cash/?start_date=2026-06-09&end_date=2026-06-09&page_size=100 HTTP/1.1" 200 263
INFO 2026-06-09 13:24:32,215 basehttp "GET /api/v1/financials/petty-cash/?start_date=2026-06-09&end_date=2026-06-09&page_size=100 HTTP/1.1" 200 263
INFO 2026-06-09 13:24:32,292 basehttp "GET /api/v1/sales/sales/?start_date=2026-06-09&end_date=2026-06-09&page_size=100 HTTP/1.1" 200 798
INFO 2026-06-09 13:24:32,292 basehttp "GET /api/v1/sales/sales/?start_date=2026-06-09&end_date=2026-06-09&page_size=100 HTTP/1.1" 200 798
INFO 2026-06-09 13:24:32,294 basehttp "GET /api/v1/financials/transactions/?start_date=2026-06-09&end_date=2026-06-09&page_size=100 HTTP/1.1" 200 4556
INFO 2026-06-09 13:24:32,294 basehttp "GET /api/v1/financials/transactions/?start_date=2026-06-09&end_date=2026-06-09&page_size=100 HTTP/1.1" 200 4556
INFO 2026-06-09 13:24:32,326 basehttp "GET /api/v1/financials/petty-cash/?start_date=2026-06-09&end_date=2026-06-09&page_size=100 HTTP/1.1" 200 263
INFO 2026-06-09 13:24:32,326 basehttp "GET /api/v1/financials/petty-cash/?start_date=2026-06-09&end_date=2026-06-09&page_size=100 HTTP/1.1" 200 263
INFO 2026-06-09 13:24:32,382 basehttp "GET /api/v1/financials/transactions/?start_date=2026-06-09&end_date=2026-06-09&page_size=100 HTTP/1.1" 200 4556
INFO 2026-06-09 13:24:32,382 basehttp "GET /api/v1/financials/transactions/?start_date=2026-06-09&end_date=2026-06-09&page_size=100 HTTP/1.1" 200 4556
INFO 2026-06-09 13:24:32,396 basehttp "GET /api/v1/hr/payroll/ HTTP/1.1" 200 4108
INFO 2026-06-09 13:24:32,396 basehttp "GET /api/v1/hr/payroll/ HTTP/1.1" 200 4108
INFO 2026-06-09 13:24:32,407 basehttp "GET /api/v1/sales/sales/?start_date=2026-06-09&end_date=2026-06-09&page_size=100 HTTP/1.1" 200 798
INFO 2026-06-09 13:24:32,407 basehttp "GET /api/v1/sales/sales/?start_date=2026-06-09&end_date=2026-06-09&page_size=100 HTTP/1.1" 200 798
INFO 2026-06-09 13:24:32,420 basehttp "OPTIONS /api/v1/financials/invoices/?status=paid&start_date=2026-06-09&end_date=2026-06-09&page_size=100 HTTP/1.1" 200 0
INFO 2026-06-09 13:24:32,420 basehttp "OPTIONS /api/v1/financials/invoices/?status=paid&start_date=2026-06-09&end_date=2026-06-09&page_size=100 HTTP/1.1" 200 0
INFO 2026-06-09 13:24:32,492 basehttp "GET /api/v1/hr/payroll/ HTTP/1.1" 200 4108
INFO 2026-06-09 13:24:32,492 basehttp "GET /api/v1/hr/payroll/ HTTP/1.1" 200 4108
INFO 2026-06-09 13:24:32,504 basehttp "GET /api/v1/financials/invoices/?status=paid&start_date=2026-06-09&end_date=2026-06-09&page_size=100 HTTP/1.1" 200 3631
INFO 2026-06-09 13:24:32,504 basehttp "GET /api/v1/financials/invoices/?status=paid&start_date=2026-06-09&end_date=2026-06-09&page_size=100 HTTP/1.1" 200 3631
INFO 2026-06-09 13:24:32,577 basehttp "GET /api/v1/financials/invoices/?status=paid&start_date=2026-06-09&end_date=2026-06-09&page_size=100 HTTP/1.1" 200 3631
INFO 2026-06-09 13:24:32,577 basehttp "GET /api/v1/financials/invoices/?status=paid&start_date=2026-06-09&end_date=2026-06-09&page_size=100 HTTP/1.1" 200 3631
INFO 2026-06-09 13:25:01,964 basehttp "GET /api/v1/sales/customers/ HTTP/1.1" 200 2392
INFO 2026-06-09 13:25:01,964 basehttp "GET /api/v1/sales/customers/ HTTP/1.1" 200 2392
INFO 2026-06-09 13:25:02,011 basehttp "GET /api/v1/inventory/products/ HTTP/1.1" 200 2245
INFO 2026-06-09 13:25:02,011 basehttp "GET /api/v1/inventory/products/ HTTP/1.1" 200 2245
INFO 2026-06-09 13:25:02,081 basehttp "GET /api/v1/sales/customers/ HTTP/1.1" 200 2392
INFO 2026-06-09 13:25:02,081 basehttp "GET /api/v1/sales/customers/ HTTP/1.1" 200 2392
INFO 2026-06-09 13:25:02,116 basehttp "GET /api/v1/inventory/products/ HTTP/1.1" 200 2245
INFO 2026-06-09 13:25:02,116 basehttp "GET /api/v1/inventory/products/ HTTP/1.1" 200 2245
INFO 2026-06-09 13:25:15,973 basehttp "OPTIONS /api/v1/hr/departments/ HTTP/1.1" 200 0
INFO 2026-06-09 13:25:15,974 basehttp "OPTIONS /api/v1/hr/employees/ HTTP/1.1" 200 0
INFO 2026-06-09 13:25:15,977 basehttp "OPTIONS /api/v1/hr/employees/ HTTP/1.1" 200 0
INFO 2026-06-09 13:25:15,979 basehttp "OPTIONS /api/v1/hr/departments/ HTTP/1.1" 200 0
INFO 2026-06-09 13:25:15,973 basehttp "OPTIONS /api/v1/hr/departments/ HTTP/1.1" 200 0
INFO 2026-06-09 13:25:15,974 basehttp "OPTIONS /api/v1/hr/employees/ HTTP/1.1" 200 0
INFO 2026-06-09 13:25:15,977 basehttp "OPTIONS /api/v1/hr/employees/ HTTP/1.1" 200 0
INFO 2026-06-09 13:25:15,979 basehttp "OPTIONS /api/v1/hr/departments/ HTTP/1.1" 200 0
INFO 2026-06-09 13:25:16,107 basehttp "GET /api/v1/hr/employees/ HTTP/1.1" 200 4708
INFO 2026-06-09 13:25:16,107 basehttp "GET /api/v1/hr/employees/ HTTP/1.1" 200 4708
INFO 2026-06-09 13:25:16,132 basehttp "GET /api/v1/hr/departments/ HTTP/1.1" 200 486
INFO 2026-06-09 13:25:16,132 basehttp "GET /api/v1/hr/departments/ HTTP/1.1" 200 486
INFO 2026-06-09 13:25:16,269 basehttp "GET /api/v1/hr/employees/ HTTP/1.1" 200 4708
INFO 2026-06-09 13:25:16,269 basehttp "GET /api/v1/hr/employees/ HTTP/1.1" 200 4708
INFO 2026-06-09 13:25:16,296 basehttp "GET /api/v1/hr/departments/ HTTP/1.1" 200 486
INFO 2026-06-09 13:25:16,296 basehttp "GET /api/v1/hr/departments/ HTTP/1.1" 200 486
INFO 2026-06-09 13:26:05,896 basehttp "OPTIONS /api/v1/hr/salaries/ HTTP/1.1" 200 0
INFO 2026-06-09 13:26:05,896 basehttp "OPTIONS /api/v1/hr/salaries/ HTTP/1.1" 200 0
INFO 2026-06-09 13:26:05,901 basehttp "OPTIONS /api/v1/hr/salaries/ HTTP/1.1" 200 0
INFO 2026-06-09 13:26:05,901 basehttp "OPTIONS /api/v1/hr/salaries/ HTTP/1.1" 200 0
INFO 2026-06-09 13:26:05,960 basehttp "GET /api/v1/hr/employees/ HTTP/1.1" 200 4708
INFO 2026-06-09 13:26:05,960 basehttp "GET /api/v1/hr/employees/ HTTP/1.1" 200 4708
INFO 2026-06-09 13:26:05,978 basehttp "GET /api/v1/hr/salaries/ HTTP/1.1" 200 665
INFO 2026-06-09 13:26:05,978 basehttp "GET /api/v1/hr/salaries/ HTTP/1.1" 200 665
INFO 2026-06-09 13:26:06,021 basehttp "GET /api/v1/hr/payroll/ HTTP/1.1" 200 4108
INFO 2026-06-09 13:26:06,021 basehttp "GET /api/v1/hr/payroll/ HTTP/1.1" 200 4108
INFO 2026-06-09 13:26:06,052 basehttp "GET /api/v1/hr/salaries/ HTTP/1.1" 200 665
INFO 2026-06-09 13:26:06,052 basehttp "GET /api/v1/hr/salaries/ HTTP/1.1" 200 665
INFO 2026-06-09 13:26:06,070 basehttp "OPTIONS /api/v1/hr/payroll/4/ HTTP/1.1" 200 0
INFO 2026-06-09 13:26:06,071 basehttp "GET /api/v1/hr/employees/ HTTP/1.1" 200 4708
INFO 2026-06-09 13:26:06,070 basehttp "OPTIONS /api/v1/hr/payroll/4/ HTTP/1.1" 200 0
INFO 2026-06-09 13:26:06,071 basehttp "GET /api/v1/hr/employees/ HTTP/1.1" 200 4708
INFO 2026-06-09 13:26:06,124 basehttp "GET /api/v1/hr/payroll/4/ HTTP/1.1" 200 1368
INFO 2026-06-09 13:26:06,124 basehttp "GET /api/v1/hr/payroll/4/ HTTP/1.1" 200 1368
INFO 2026-06-09 13:26:06,137 basehttp "GET /api/v1/hr/payroll/ HTTP/1.1" 200 4108
INFO 2026-06-09 13:26:06,137 basehttp "GET /api/v1/hr/payroll/ HTTP/1.1" 200 4108
INFO 2026-06-09 13:26:06,150 basehttp "OPTIONS /api/v1/hr/payroll/3/ HTTP/1.1" 200 0
INFO 2026-06-09 13:26:06,150 basehttp "OPTIONS /api/v1/hr/payroll/3/ HTTP/1.1" 200 0
INFO 2026-06-09 13:26:06,199 basehttp "GET /api/v1/hr/payroll/4/ HTTP/1.1" 200 1368
INFO 2026-06-09 13:26:06,204 basehttp "GET /api/v1/hr/payroll/3/ HTTP/1.1" 200 1368
INFO 2026-06-09 13:26:06,199 basehttp "GET /api/v1/hr/payroll/4/ HTTP/1.1" 200 1368
INFO 2026-06-09 13:26:06,204 basehttp "GET /api/v1/hr/payroll/3/ HTTP/1.1" 200 1368
INFO 2026-06-09 13:26:06,217 basehttp "OPTIONS /api/v1/hr/payroll/1/ HTTP/1.1" 200 0
INFO 2026-06-09 13:26:06,217 basehttp "OPTIONS /api/v1/hr/payroll/1/ HTTP/1.1" 200 0
INFO 2026-06-09 13:26:06,261 basehttp "GET /api/v1/hr/payroll/3/ HTTP/1.1" 200 1368
INFO 2026-06-09 13:26:06,261 basehttp "GET /api/v1/hr/payroll/3/ HTTP/1.1" 200 1368
INFO 2026-06-09 13:26:06,271 basehttp "GET /api/v1/hr/payroll/1/ HTTP/1.1" 200 434
INFO 2026-06-09 13:26:06,271 basehttp "GET /api/v1/hr/payroll/1/ HTTP/1.1" 200 434
INFO 2026-06-09 13:26:06,282 basehttp "OPTIONS /api/v1/hr/payroll/5/ HTTP/1.1" 200 0
INFO 2026-06-09 13:26:06,282 basehttp "OPTIONS /api/v1/hr/payroll/5/ HTTP/1.1" 200 0
INFO 2026-06-09 13:26:06,318 basehttp "GET /api/v1/hr/payroll/1/ HTTP/1.1" 200 434
INFO 2026-06-09 13:26:06,318 basehttp "GET /api/v1/hr/payroll/1/ HTTP/1.1" 200 434
INFO 2026-06-09 13:26:06,326 basehttp "GET /api/v1/hr/payroll/5/ HTTP/1.1" 200 436
INFO 2026-06-09 13:26:06,326 basehttp "GET /api/v1/hr/payroll/5/ HTTP/1.1" 200 436
INFO 2026-06-09 13:26:06,339 basehttp "OPTIONS /api/v1/hr/payroll/2/ HTTP/1.1" 200 0
INFO 2026-06-09 13:26:06,339 basehttp "OPTIONS /api/v1/hr/payroll/2/ HTTP/1.1" 200 0
INFO 2026-06-09 13:26:06,375 basehttp "GET /api/v1/hr/payroll/5/ HTTP/1.1" 200 436
INFO 2026-06-09 13:26:06,375 basehttp "GET /api/v1/hr/payroll/5/ HTTP/1.1" 200 436
INFO 2026-06-09 13:26:06,375 basehttp "GET /api/v1/hr/payroll/2/ HTTP/1.1" 200 446
INFO 2026-06-09 13:26:06,375 basehttp "GET /api/v1/hr/payroll/2/ HTTP/1.1" 200 446
INFO 2026-06-09 13:26:06,478 basehttp "GET /api/v1/hr/payroll/2/ HTTP/1.1" 200 446
INFO 2026-06-09 13:26:06,478 basehttp "GET /api/v1/hr/payroll/2/ HTTP/1.1" 200 446
INFO 2026-06-09 13:26:37,047 basehttp "OPTIONS /api/v1/auth/users/ HTTP/1.1" 200 0
INFO 2026-06-09 13:26:37,047 basehttp "OPTIONS /api/v1/auth/users/ HTTP/1.1" 200 0
INFO 2026-06-09 13:26:37,058 basehttp "OPTIONS /api/v1/auth/users/ HTTP/1.1" 200 0
INFO 2026-06-09 13:26:37,058 basehttp "OPTIONS /api/v1/auth/users/ HTTP/1.1" 200 0
INFO 2026-06-09 13:26:37,163 basehttp "GET /api/v1/hr/employees/ HTTP/1.1" 200 4708
INFO 2026-06-09 13:26:37,163 basehttp "GET /api/v1/hr/employees/ HTTP/1.1" 200 4708
INFO 2026-06-09 13:26:37,165 basehttp "GET /api/v1/auth/users/ HTTP/1.1" 200 1092
INFO 2026-06-09 13:26:37,165 basehttp "GET /api/v1/auth/users/ HTTP/1.1" 200 1092
INFO 2026-06-09 13:26:37,253 basehttp "GET /api/v1/hr/employees/ HTTP/1.1" 200 4708
INFO 2026-06-09 13:26:37,253 basehttp "GET /api/v1/hr/employees/ HTTP/1.1" 200 4708
INFO 2026-06-09 13:26:37,344 basehttp "GET /api/v1/auth/users/ HTTP/1.1" 200 1092
INFO 2026-06-09 13:26:37,344 basehttp "GET /api/v1/auth/users/ HTTP/1.1" 200 1092
INFO 2026-06-09 13:27:02,638 basehttp "GET /api/v1/hr/employees/ HTTP/1.1" 200 4708
INFO 2026-06-09 13:27:02,650 basehttp "GET /api/v1/hr/salaries/ HTTP/1.1" 200 665
INFO 2026-06-09 13:27:02,638 basehttp "GET /api/v1/hr/employees/ HTTP/1.1" 200 4708
INFO 2026-06-09 13:27:02,650 basehttp "GET /api/v1/hr/salaries/ HTTP/1.1" 200 665
INFO 2026-06-09 13:27:02,747 basehttp "GET /api/v1/hr/payroll/ HTTP/1.1" 200 4108
INFO 2026-06-09 13:27:02,747 basehttp "GET /api/v1/hr/payroll/ HTTP/1.1" 200 4108
INFO 2026-06-09 13:27:02,829 basehttp "GET /api/v1/hr/salaries/ HTTP/1.1" 200 665
INFO 2026-06-09 13:27:02,829 basehttp "GET /api/v1/hr/salaries/ HTTP/1.1" 200 665
INFO 2026-06-09 13:27:02,944 basehttp "GET /api/v1/hr/employees/ HTTP/1.1" 200 4708
INFO 2026-06-09 13:27:02,944 basehttp "GET /api/v1/hr/employees/ HTTP/1.1" 200 4708
INFO 2026-06-09 13:27:02,992 basehttp "GET /api/v1/hr/payroll/4/ HTTP/1.1" 200 1368
INFO 2026-06-09 13:27:02,992 basehttp "GET /api/v1/hr/payroll/4/ HTTP/1.1" 200 1368
INFO 2026-06-09 13:27:03,082 basehttp "GET /api/v1/hr/payroll/ HTTP/1.1" 200 4108
INFO 2026-06-09 13:27:03,082 basehttp "GET /api/v1/hr/payroll/ HTTP/1.1" 200 4108
INFO 2026-06-09 13:27:03,119 basehttp "GET /api/v1/hr/payroll/3/ HTTP/1.1" 200 1368
INFO 2026-06-09 13:27:03,119 basehttp "GET /api/v1/hr/payroll/3/ HTTP/1.1" 200 1368
INFO 2026-06-09 13:27:03,185 basehttp "GET /api/v1/hr/payroll/4/ HTTP/1.1" 200 1368
INFO 2026-06-09 13:27:03,185 basehttp "GET /api/v1/hr/payroll/4/ HTTP/1.1" 200 1368
INFO 2026-06-09 13:27:03,268 basehttp "GET /api/v1/hr/payroll/1/ HTTP/1.1" 200 434
INFO 2026-06-09 13:27:03,268 basehttp "GET /api/v1/hr/payroll/1/ HTTP/1.1" 200 434
INFO 2026-06-09 13:27:03,332 basehttp "GET /api/v1/hr/payroll/3/ HTTP/1.1" 200 1368
INFO 2026-06-09 13:27:03,332 basehttp "GET /api/v1/hr/payroll/3/ HTTP/1.1" 200 1368
INFO 2026-06-09 13:27:03,414 basehttp "GET /api/v1/hr/payroll/1/ HTTP/1.1" 200 434
INFO 2026-06-09 13:27:03,416 basehttp "GET /api/v1/hr/payroll/5/ HTTP/1.1" 200 436
INFO 2026-06-09 13:27:03,414 basehttp "GET /api/v1/hr/payroll/1/ HTTP/1.1" 200 434
INFO 2026-06-09 13:27:03,416 basehttp "GET /api/v1/hr/payroll/5/ HTTP/1.1" 200 436
INFO 2026-06-09 13:27:03,501 basehttp "GET /api/v1/hr/payroll/5/ HTTP/1.1" 200 436
INFO 2026-06-09 13:27:03,501 basehttp "GET /api/v1/hr/payroll/5/ HTTP/1.1" 200 436
INFO 2026-06-09 13:27:03,524 basehttp "GET /api/v1/hr/payroll/2/ HTTP/1.1" 200 446
INFO 2026-06-09 13:27:03,524 basehttp "GET /api/v1/hr/payroll/2/ HTTP/1.1" 200 446
INFO 2026-06-09 13:27:03,586 basehttp "GET /api/v1/hr/payroll/2/ HTTP/1.1" 200 446
INFO 2026-06-09 13:27:03,586 basehttp "GET /api/v1/hr/payroll/2/ HTTP/1.1" 200 446
INFO 2026-06-09 13:27:11,036 basehttp "OPTIONS /api/v1/bi/dashboard/available-months/ HTTP/1.1" 200 0
INFO 2026-06-09 13:27:11,036 basehttp "OPTIONS /api/v1/bi/dashboard/available-months/ HTTP/1.1" 200 0
INFO 2026-06-09 13:27:11,039 basehttp "OPTIONS /api/v1/bi/dashboard/available-months/ HTTP/1.1" 200 0
INFO 2026-06-09 13:27:11,039 basehttp "OPTIONS /api/v1/bi/dashboard/available-months/ HTTP/1.1" 200 0
INFO 2026-06-09 13:27:11,092 basehttp "GET /api/v1/bi/dashboard/available-months/ HTTP/1.1" 200 177
INFO 2026-06-09 13:27:11,092 basehttp "GET /api/v1/bi/dashboard/available-months/ HTTP/1.1" 200 177
INFO 2026-06-09 13:27:11,111 basehttp "OPTIONS /api/v1/bi/dashboard/?month=2026-06 HTTP/1.1" 200 0
INFO 2026-06-09 13:27:11,111 basehttp "OPTIONS /api/v1/bi/dashboard/?month=2026-06 HTTP/1.1" 200 0
INFO 2026-06-09 13:27:11,120 basehttp "OPTIONS /api/v1/bi/dashboard/alerts/ HTTP/1.1" 200 0
INFO 2026-06-09 13:27:11,120 basehttp "OPTIONS /api/v1/bi/dashboard/alerts/ HTTP/1.1" 200 0
INFO 2026-06-09 13:27:11,121 basehttp "OPTIONS /api/v1/bi/dashboard/trends/?days=30 HTTP/1.1" 200 0
INFO 2026-06-09 13:27:11,121 basehttp "OPTIONS /api/v1/bi/dashboard/trends/?days=30 HTTP/1.1" 200 0
INFO 2026-06-09 13:27:11,176 basehttp "GET /api/v1/bi/dashboard/alerts/ HTTP/1.1" 200 23
INFO 2026-06-09 13:27:11,176 basehttp "GET /api/v1/bi/dashboard/alerts/ HTTP/1.1" 200 23
INFO 2026-06-09 13:27:11,263 basehttp "GET /api/v1/bi/dashboard/available-months/ HTTP/1.1" 200 177
INFO 2026-06-09 13:27:11,263 basehttp "GET /api/v1/bi/dashboard/available-months/ HTTP/1.1" 200 177
INFO 2026-06-09 13:27:11,409 basehttp "GET /api/v1/bi/dashboard/?month=2026-06 HTTP/1.1" 200 902
INFO 2026-06-09 13:27:11,409 basehttp "GET /api/v1/bi/dashboard/?month=2026-06 HTTP/1.1" 200 902
INFO 2026-06-09 13:27:11,446 basehttp "GET /api/v1/bi/dashboard/trends/?days=30 HTTP/1.1" 200 1175
INFO 2026-06-09 13:27:11,446 basehttp "GET /api/v1/bi/dashboard/trends/?days=30 HTTP/1.1" 200 1175
INFO 2026-06-09 13:28:28,464 basehttp "OPTIONS /api/v1/financials/budgets/?year=2026&status=active&period=monthly HTTP/1.1" 200 0
INFO 2026-06-09 13:28:28,465 basehttp "OPTIONS /api/v1/financials/budgets/?year=2026&status=active&period=monthly HTTP/1.1" 200 0
INFO 2026-06-09 13:28:28,464 basehttp "OPTIONS /api/v1/financials/budgets/?year=2026&status=active&period=monthly HTTP/1.1" 200 0
INFO 2026-06-09 13:28:28,465 basehttp "OPTIONS /api/v1/financials/budgets/?year=2026&status=active&period=monthly HTTP/1.1" 200 0
INFO 2026-06-09 13:28:28,497 basehttp "GET /api/v1/financials/budgets/?year=2026&status=active&period=monthly HTTP/1.1" 200 52
INFO 2026-06-09 13:28:28,497 basehttp "GET /api/v1/financials/budgets/?year=2026&status=active&period=monthly HTTP/1.1" 200 52
INFO 2026-06-09 13:28:28,540 basehttp "OPTIONS /api/v1/financials/cash-flow/ HTTP/1.1" 200 0
INFO 2026-06-09 13:28:28,550 basehttp "OPTIONS /api/v1/financials/loans/ HTTP/1.1" 200 0
INFO 2026-06-09 13:28:28,553 basehttp "OPTIONS /api/v1/financials/transactions/ HTTP/1.1" 200 0
INFO 2026-06-09 13:28:28,559 basehttp "OPTIONS /api/v1/bi/financial/profit-loss/ HTTP/1.1" 200 0
INFO 2026-06-09 13:28:28,540 basehttp "OPTIONS /api/v1/financials/cash-flow/ HTTP/1.1" 200 0
INFO 2026-06-09 13:28:28,550 basehttp "OPTIONS /api/v1/financials/loans/ HTTP/1.1" 200 0
INFO 2026-06-09 13:28:28,553 basehttp "OPTIONS /api/v1/financials/transactions/ HTTP/1.1" 200 0
INFO 2026-06-09 13:28:28,559 basehttp "OPTIONS /api/v1/bi/financial/profit-loss/ HTTP/1.1" 200 0
INFO 2026-06-09 13:28:28,587 basehttp "OPTIONS /api/v1/financials/invoices/ HTTP/1.1" 200 0
INFO 2026-06-09 13:28:28,587 basehttp "OPTIONS /api/v1/financials/invoices/ HTTP/1.1" 200 0
INFO 2026-06-09 13:28:28,603 basehttp "OPTIONS /api/v1/financials/petty-cash/ HTTP/1.1" 200 0
INFO 2026-06-09 13:28:28,602 basehttp "OPTIONS /api/v1/sales/sales/?page_size=500 HTTP/1.1" 200 0
INFO 2026-06-09 13:28:28,603 basehttp "OPTIONS /api/v1/financials/petty-cash/ HTTP/1.1" 200 0
INFO 2026-06-09 13:28:28,602 basehttp "OPTIONS /api/v1/sales/sales/?page_size=500 HTTP/1.1" 200 0
INFO 2026-06-09 13:28:28,667 basehttp "GET /api/v1/financials/budgets/?year=2026&status=active&period=monthly HTTP/1.1" 200 52
INFO 2026-06-09 13:28:28,667 basehttp "GET /api/v1/financials/budgets/?year=2026&status=active&period=monthly HTTP/1.1" 200 52
INFO 2026-06-09 13:28:28,709 basehttp "GET /api/v1/sales/customers/ HTTP/1.1" 200 2392
INFO 2026-06-09 13:28:28,709 basehttp "GET /api/v1/sales/customers/ HTTP/1.1" 200 2392
INFO 2026-06-09 13:28:28,758 basehttp "GET /api/v1/financials/transactions/ HTTP/1.1" 200 4500
INFO 2026-06-09 13:28:28,758 basehttp "GET /api/v1/financials/transactions/ HTTP/1.1" 200 4500
INFO 2026-06-09 13:28:28,790 basehttp "GET /api/v1/financials/loans/ HTTP/1.1" 200 473
INFO 2026-06-09 13:28:28,790 basehttp "GET /api/v1/financials/loans/ HTTP/1.1" 200 473
INFO 2026-06-09 13:28:28,798 basehttp "GET /api/v1/financials/cash-flow/ HTTP/1.1" 200 1962
INFO 2026-06-09 13:28:28,798 basehttp "GET /api/v1/financials/cash-flow/ HTTP/1.1" 200 1962
INFO 2026-06-09 13:28:28,810 basehttp "GET /api/v1/hr/payroll/ HTTP/1.1" 200 4108
INFO 2026-06-09 13:28:28,810 basehttp "GET /api/v1/hr/payroll/ HTTP/1.1" 200 4108
INFO 2026-06-09 13:28:28,967 basehttp "GET /api/v1/bi/financial/profit-loss/ HTTP/1.1" 200 94
INFO 2026-06-09 13:28:28,967 basehttp "GET /api/v1/bi/financial/profit-loss/ HTTP/1.1" 200 94
INFO 2026-06-09 13:28:29,069 basehttp "GET /api/v1/financials/invoices/ HTTP/1.1" 200 3631
INFO 2026-06-09 13:28:29,071 basehttp "GET /api/v1/sales/customers/ HTTP/1.1" 200 2392
INFO 2026-06-09 13:28:29,069 basehttp "GET /api/v1/financials/invoices/ HTTP/1.1" 200 3631
INFO 2026-06-09 13:28:29,071 basehttp "GET /api/v1/sales/customers/ HTTP/1.1" 200 2392
INFO 2026-06-09 13:28:29,106 basehttp "GET /api/v1/financials/loans/ HTTP/1.1" 200 473
INFO 2026-06-09 13:28:29,119 basehttp "GET /api/v1/financials/petty-cash/ HTTP/1.1" 200 263
INFO 2026-06-09 13:28:29,121 basehttp "GET /api/v1/financials/transactions/ HTTP/1.1" 200 4500
INFO 2026-06-09 13:28:29,106 basehttp "GET /api/v1/financials/loans/ HTTP/1.1" 200 473
INFO 2026-06-09 13:28:29,119 basehttp "GET /api/v1/financials/petty-cash/ HTTP/1.1" 200 263
INFO 2026-06-09 13:28:29,121 basehttp "GET /api/v1/financials/transactions/ HTTP/1.1" 200 4500
INFO 2026-06-09 13:28:29,187 basehttp "GET /api/v1/sales/sales/?page_size=500 HTTP/1.1" 200 8443
INFO 2026-06-09 13:28:29,187 basehttp "GET /api/v1/sales/sales/?page_size=500 HTTP/1.1" 200 8443
INFO 2026-06-09 13:28:29,321 basehttp "GET /api/v1/financials/cash-flow/ HTTP/1.1" 200 1962
INFO 2026-06-09 13:28:29,321 basehttp "GET /api/v1/financials/cash-flow/ HTTP/1.1" 200 1962
INFO 2026-06-09 13:28:29,374 basehttp "GET /api/v1/bi/financial/profit-loss/ HTTP/1.1" 200 94
INFO 2026-06-09 13:28:29,374 basehttp "GET /api/v1/bi/financial/profit-loss/ HTTP/1.1" 200 94
INFO 2026-06-09 13:28:29,391 basehttp "GET /api/v1/financials/invoices/ HTTP/1.1" 200 3631
INFO 2026-06-09 13:28:29,391 basehttp "GET /api/v1/financials/invoices/ HTTP/1.1" 200 3631
INFO 2026-06-09 13:28:29,417 basehttp "GET /api/v1/financials/petty-cash/ HTTP/1.1" 200 263
INFO 2026-06-09 13:28:29,417 basehttp "GET /api/v1/financials/petty-cash/ HTTP/1.1" 200 263
INFO 2026-06-09 13:28:29,470 basehttp "GET /api/v1/hr/payroll/ HTTP/1.1" 200 4108
INFO 2026-06-09 13:28:29,470 basehttp "GET /api/v1/hr/payroll/ HTTP/1.1" 200 4108
INFO 2026-06-09 13:28:29,492 basehttp "GET /api/v1/sales/sales/?page_size=500 HTTP/1.1" 200 8443
INFO 2026-06-09 13:28:29,492 basehttp "GET /api/v1/sales/sales/?page_size=500 HTTP/1.1" 200 8443
INFO 2026-06-09 13:29:24,164 basehttp "OPTIONS /api/v1/financials/transactions/?page=1&page_size=20 HTTP/1.1" 200 0
INFO 2026-06-09 13:29:24,165 basehttp "OPTIONS /api/v1/financials/transactions/?page=1&page_size=20 HTTP/1.1" 200 0
INFO 2026-06-09 13:29:24,164 basehttp "OPTIONS /api/v1/financials/transactions/?page=1&page_size=20 HTTP/1.1" 200 0
INFO 2026-06-09 13:29:24,165 basehttp "OPTIONS /api/v1/financials/transactions/?page=1&page_size=20 HTTP/1.1" 200 0
INFO 2026-06-09 13:29:24,235 basehttp "GET /api/v1/financials/transactions/?page=1&page_size=20 HTTP/1.1" 200 4513
INFO 2026-06-09 13:29:24,235 basehttp "GET /api/v1/financials/transactions/?page=1&page_size=20 HTTP/1.1" 200 4513
INFO 2026-06-09 13:29:24,296 basehttp "GET /api/v1/financials/transactions/?page=1&page_size=20 HTTP/1.1" 200 4513
INFO 2026-06-09 13:29:24,296 basehttp "GET /api/v1/financials/transactions/?page=1&page_size=20 HTTP/1.1" 200 4513
INFO 2026-06-09 13:29:31,679 basehttp "OPTIONS /api/v1/financials/transactions/?page=2&page_size=20 HTTP/1.1" 200 0
INFO 2026-06-09 13:29:31,679 basehttp "OPTIONS /api/v1/financials/transactions/?page=2&page_size=20 HTTP/1.1" 200 0
INFO 2026-06-09 13:29:31,711 basehttp "GET /api/v1/financials/transactions/?page=2&page_size=20 HTTP/1.1" 200 4616
INFO 2026-06-09 13:29:31,711 basehttp "GET /api/v1/financials/transactions/?page=2&page_size=20 HTTP/1.1" 200 4616
INFO 2026-06-09 13:29:32,496 basehttp "OPTIONS /api/v1/financials/transactions/?page=3&page_size=20 HTTP/1.1" 200 0
INFO 2026-06-09 13:29:32,496 basehttp "OPTIONS /api/v1/financials/transactions/?page=3&page_size=20 HTTP/1.1" 200 0
INFO 2026-06-09 13:29:32,525 basehttp "GET /api/v1/financials/transactions/?page=3&page_size=20 HTTP/1.1" 200 4566
INFO 2026-06-09 13:29:32,525 basehttp "GET /api/v1/financials/transactions/?page=3&page_size=20 HTTP/1.1" 200 4566
INFO 2026-06-09 13:29:39,258 basehttp "GET /api/v1/financials/transactions/?page=2&page_size=20 HTTP/1.1" 200 4616
INFO 2026-06-09 13:29:39,258 basehttp "GET /api/v1/financials/transactions/?page=2&page_size=20 HTTP/1.1" 200 4616
INFO 2026-06-09 13:29:51,663 basehttp "GET /api/v1/financials/budgets/?year=2026&status=active&period=monthly HTTP/1.1" 200 52
INFO 2026-06-09 13:29:51,663 basehttp "GET /api/v1/financials/budgets/?year=2026&status=active&period=monthly HTTP/1.1" 200 52
INFO 2026-06-09 13:29:51,773 basehttp "GET /api/v1/bi/financial/profit-loss/ HTTP/1.1" 200 94
INFO 2026-06-09 13:29:51,773 basehttp "GET /api/v1/bi/financial/profit-loss/ HTTP/1.1" 200 94
INFO 2026-06-09 13:29:51,799 basehttp "GET /api/v1/financials/budgets/?year=2026&status=active&period=monthly HTTP/1.1" 200 52
INFO 2026-06-09 13:29:51,799 basehttp "GET /api/v1/financials/budgets/?year=2026&status=active&period=monthly HTTP/1.1" 200 52
INFO 2026-06-09 13:29:51,859 basehttp "GET /api/v1/financials/transactions/ HTTP/1.1" 200 4500
INFO 2026-06-09 13:29:51,860 basehttp "GET /api/v1/sales/customers/ HTTP/1.1" 200 2392
INFO 2026-06-09 13:29:51,859 basehttp "GET /api/v1/financials/transactions/ HTTP/1.1" 200 4500
INFO 2026-06-09 13:29:51,872 basehttp "GET /api/v1/financials/loans/ HTTP/1.1" 200 473
INFO 2026-06-09 13:29:51,860 basehttp "GET /api/v1/sales/customers/ HTTP/1.1" 200 2392
INFO 2026-06-09 13:29:51,882 basehttp "GET /api/v1/financials/cash-flow/ HTTP/1.1" 200 1962
INFO 2026-06-09 13:29:51,872 basehttp "GET /api/v1/financials/loans/ HTTP/1.1" 200 473
INFO 2026-06-09 13:29:51,882 basehttp "GET /api/v1/financials/cash-flow/ HTTP/1.1" 200 1962
INFO 2026-06-09 13:29:51,940 basehttp "GET /api/v1/financials/petty-cash/ HTTP/1.1" 200 263
INFO 2026-06-09 13:29:51,940 basehttp "GET /api/v1/financials/petty-cash/ HTTP/1.1" 200 263
INFO 2026-06-09 13:29:51,993 basehttp "GET /api/v1/bi/financial/profit-loss/ HTTP/1.1" 200 94
INFO 2026-06-09 13:29:51,993 basehttp "GET /api/v1/bi/financial/profit-loss/ HTTP/1.1" 200 94
INFO 2026-06-09 13:29:52,074 basehttp "GET /api/v1/financials/transactions/ HTTP/1.1" 200 4500
INFO 2026-06-09 13:29:52,074 basehttp "GET /api/v1/financials/transactions/ HTTP/1.1" 200 4500
INFO 2026-06-09 13:29:52,103 basehttp "GET /api/v1/sales/customers/ HTTP/1.1" 200 2392
INFO 2026-06-09 13:29:52,121 basehttp "GET /api/v1/financials/loans/ HTTP/1.1" 200 473
INFO 2026-06-09 13:29:52,103 basehttp "GET /api/v1/sales/customers/ HTTP/1.1" 200 2392
INFO 2026-06-09 13:29:52,121 basehttp "GET /api/v1/financials/loans/ HTTP/1.1" 200 473
INFO 2026-06-09 13:29:52,159 basehttp "GET /api/v1/financials/invoices/ HTTP/1.1" 200 3631
INFO 2026-06-09 13:29:52,159 basehttp "GET /api/v1/financials/invoices/ HTTP/1.1" 200 3631
INFO 2026-06-09 13:29:52,169 basehttp "GET /api/v1/sales/sales/?page_size=500 HTTP/1.1" 200 8443
INFO 2026-06-09 13:29:52,169 basehttp "GET /api/v1/sales/sales/?page_size=500 HTTP/1.1" 200 8443
INFO 2026-06-09 13:29:52,230 basehttp "GET /api/v1/financials/cash-flow/ HTTP/1.1" 200 1962
INFO 2026-06-09 13:29:52,230 basehttp "GET /api/v1/financials/cash-flow/ HTTP/1.1" 200 1962
INFO 2026-06-09 13:29:52,288 basehttp "GET /api/v1/hr/payroll/ HTTP/1.1" 200 4108
INFO 2026-06-09 13:29:52,288 basehttp "GET /api/v1/hr/payroll/ HTTP/1.1" 200 4108
INFO 2026-06-09 13:29:52,381 basehttp "GET /api/v1/financials/petty-cash/ HTTP/1.1" 200 263
INFO 2026-06-09 13:29:52,381 basehttp "GET /api/v1/financials/petty-cash/ HTTP/1.1" 200 263
INFO 2026-06-09 13:29:52,440 basehttp "GET /api/v1/financials/invoices/ HTTP/1.1" 200 3631
INFO 2026-06-09 13:29:52,440 basehttp "GET /api/v1/financials/invoices/ HTTP/1.1" 200 3631
INFO 2026-06-09 13:29:52,544 basehttp "GET /api/v1/hr/payroll/ HTTP/1.1" 200 4108
INFO 2026-06-09 13:29:52,544 basehttp "GET /api/v1/hr/payroll/ HTTP/1.1" 200 4108
INFO 2026-06-09 13:29:52,595 basehttp "GET /api/v1/sales/sales/?page_size=500 HTTP/1.1" 200 8443
INFO 2026-06-09 13:29:52,595 basehttp "GET /api/v1/sales/sales/?page_size=500 HTTP/1.1" 200 8443
INFO 2026-06-09 13:31:21,592 basehttp "GET /api/v1/financials/transactions/?page=1&page_size=20 HTTP/1.1" 200 4513
INFO 2026-06-09 13:31:21,592 basehttp "GET /api/v1/financials/transactions/?page=1&page_size=20 HTTP/1.1" 200 4513
INFO 2026-06-09 13:31:21,766 basehttp "GET /api/v1/financials/transactions/?page=1&page_size=20 HTTP/1.1" 200 4513
INFO 2026-06-09 13:31:21,766 basehttp "GET /api/v1/financials/transactions/?page=1&page_size=20 HTTP/1.1" 200 4513
INFO 2026-06-09 13:31:27,480 basehttp "OPTIONS /api/v1/financials/invoices/?page=1&page_size=20&status=&start_date=&end_date= HTTP/1.1" 200 0
INFO 2026-06-09 13:31:27,480 basehttp "OPTIONS /api/v1/financials/invoices/?page=1&page_size=20&status=&start_date=&end_date= HTTP/1.1" 200 0
INFO 2026-06-09 13:31:27,481 basehttp "OPTIONS /api/v1/financials/invoices/?page=1&page_size=20&status=&start_date=&end_date= HTTP/1.1" 200 0
INFO 2026-06-09 13:31:27,481 basehttp "OPTIONS /api/v1/financials/invoices/?page=1&page_size=20&status=&start_date=&end_date= HTTP/1.1" 200 0
INFO 2026-06-09 13:31:27,537 basehttp "GET /api/v1/sales/customers/ HTTP/1.1" 200 2392
INFO 2026-06-09 13:31:27,537 basehttp "GET /api/v1/sales/customers/ HTTP/1.1" 200 2392
INFO 2026-06-09 13:31:27,606 basehttp "GET /api/v1/inventory/products/ HTTP/1.1" 200 2245
INFO 2026-06-09 13:31:27,606 basehttp "GET /api/v1/inventory/products/ HTTP/1.1" 200 2245
INFO 2026-06-09 13:31:27,613 basehttp "GET /api/v1/financials/invoices/?page=1&page_size=20&status=&start_date=&end_date= HTTP/1.1" 200 3631
INFO 2026-06-09 13:31:27,613 basehttp "GET /api/v1/financials/invoices/?page=1&page_size=20&status=&start_date=&end_date= HTTP/1.1" 200 3631
INFO 2026-06-09 13:31:27,783 basehttp "GET /api/v1/sales/customers/ HTTP/1.1" 200 2392
INFO 2026-06-09 13:31:27,783 basehttp "GET /api/v1/sales/customers/ HTTP/1.1" 200 2392
INFO 2026-06-09 13:31:27,879 basehttp "GET /api/v1/financials/invoices/?page=1&page_size=20&status=&start_date=&end_date= HTTP/1.1" 200 3631
INFO 2026-06-09 13:31:27,879 basehttp "GET /api/v1/financials/invoices/?page=1&page_size=20&status=&start_date=&end_date= HTTP/1.1" 200 3631
INFO 2026-06-09 13:31:27,907 basehttp "GET /api/v1/inventory/products/ HTTP/1.1" 200 2245
INFO 2026-06-09 13:31:27,907 basehttp "GET /api/v1/inventory/products/ HTTP/1.1" 200 2245
INFO 2026-06-09 13:32:13,098 basehttp "POST /api/v1/financials/invoices/ HTTP/1.1" 201 496
INFO 2026-06-09 13:32:13,098 basehttp "POST /api/v1/financials/invoices/ HTTP/1.1" 201 496
INFO 2026-06-09 13:32:13,225 basehttp "GET /api/v1/sales/customers/ HTTP/1.1" 200 2392
INFO 2026-06-09 13:32:13,225 basehttp "GET /api/v1/sales/customers/ HTTP/1.1" 200 2392
INFO 2026-06-09 13:32:13,348 basehttp "GET /api/v1/financials/invoices/?page=1&page_size=20&status=&start_date=&end_date= HTTP/1.1" 200 4128
INFO 2026-06-09 13:32:13,348 basehttp "GET /api/v1/financials/invoices/?page=1&page_size=20&status=&start_date=&end_date= HTTP/1.1" 200 4128
INFO 2026-06-09 13:32:13,354 basehttp "GET /api/v1/inventory/products/ HTTP/1.1" 200 2245
INFO 2026-06-09 13:32:13,354 basehttp "GET /api/v1/inventory/products/ HTTP/1.1" 200 2245
INFO 2026-06-09 13:32:37,963 basehttp "OPTIONS /api/v1/financials/invoices/11/pay/ HTTP/1.1" 200 0
INFO 2026-06-09 13:32:37,963 basehttp "OPTIONS /api/v1/financials/invoices/11/pay/ HTTP/1.1" 200 0
INFO 2026-06-09 13:32:37,995 basehttp "POST /api/v1/financials/invoices/11/pay/ HTTP/1.1" 200 43
INFO 2026-06-09 13:32:37,995 basehttp "POST /api/v1/financials/invoices/11/pay/ HTTP/1.1" 200 43
INFO 2026-06-09 13:32:38,091 basehttp "GET /api/v1/sales/customers/ HTTP/1.1" 200 2392
INFO 2026-06-09 13:32:38,091 basehttp "GET /api/v1/sales/customers/ HTTP/1.1" 200 2392
INFO 2026-06-09 13:32:38,123 basehttp "GET /api/v1/inventory/products/ HTTP/1.1" 200 2245
INFO 2026-06-09 13:32:38,123 basehttp "GET /api/v1/inventory/products/ HTTP/1.1" 200 2245
INFO 2026-06-09 13:32:38,128 basehttp "GET /api/v1/financials/invoices/?page=1&page_size=20&status=&start_date=&end_date= HTTP/1.1" 200 4135
INFO 2026-06-09 13:32:38,128 basehttp "GET /api/v1/financials/invoices/?page=1&page_size=20&status=&start_date=&end_date= HTTP/1.1" 200 4135
INFO 2026-06-09 13:32:43,527 basehttp "GET /api/v1/financials/petty-cash/?start_date=2026-06-09&end_date=2026-06-09&page_size=100 HTTP/1.1" 200 263
INFO 2026-06-09 13:32:43,527 basehttp "GET /api/v1/financials/petty-cash/?start_date=2026-06-09&end_date=2026-06-09&page_size=100 HTTP/1.1" 200 263
INFO 2026-06-09 13:32:43,568 basehttp "GET /api/v1/financials/transactions/?start_date=2026-06-09&end_date=2026-06-09&page_size=100 HTTP/1.1" 200 4586
INFO 2026-06-09 13:32:43,568 basehttp "GET /api/v1/financials/transactions/?start_date=2026-06-09&end_date=2026-06-09&page_size=100 HTTP/1.1" 200 4586
INFO 2026-06-09 13:32:43,654 basehttp "GET /api/v1/sales/sales/?start_date=2026-06-09&end_date=2026-06-09&page_size=100 HTTP/1.1" 200 798
INFO 2026-06-09 13:32:43,654 basehttp "GET /api/v1/sales/sales/?start_date=2026-06-09&end_date=2026-06-09&page_size=100 HTTP/1.1" 200 798
INFO 2026-06-09 13:32:43,716 basehttp "GET /api/v1/financials/petty-cash/?start_date=2026-06-09&end_date=2026-06-09&page_size=100 HTTP/1.1" 200 263
INFO 2026-06-09 13:32:43,716 basehttp "GET /api/v1/financials/petty-cash/?start_date=2026-06-09&end_date=2026-06-09&page_size=100 HTTP/1.1" 200 263
INFO 2026-06-09 13:32:43,742 basehttp "GET /api/v1/hr/payroll/ HTTP/1.1" 200 4108
INFO 2026-06-09 13:32:43,742 basehttp "GET /api/v1/hr/payroll/ HTTP/1.1" 200 4108
INFO 2026-06-09 13:32:43,817 basehttp "GET /api/v1/financials/transactions/?start_date=2026-06-09&end_date=2026-06-09&page_size=100 HTTP/1.1" 200 4586
INFO 2026-06-09 13:32:43,817 basehttp "GET /api/v1/financials/transactions/?start_date=2026-06-09&end_date=2026-06-09&page_size=100 HTTP/1.1" 200 4586
INFO 2026-06-09 13:32:43,847 basehttp "GET /api/v1/sales/sales/?start_date=2026-06-09&end_date=2026-06-09&page_size=100 HTTP/1.1" 200 798
INFO 2026-06-09 13:32:43,847 basehttp "GET /api/v1/sales/sales/?start_date=2026-06-09&end_date=2026-06-09&page_size=100 HTTP/1.1" 200 798
INFO 2026-06-09 13:32:43,900 basehttp "GET /api/v1/financials/invoices/?status=paid&start_date=2026-06-09&end_date=2026-06-09&page_size=100 HTTP/1.1" 200 4135
INFO 2026-06-09 13:32:43,900 basehttp "GET /api/v1/financials/invoices/?status=paid&start_date=2026-06-09&end_date=2026-06-09&page_size=100 HTTP/1.1" 200 4135
INFO 2026-06-09 13:32:43,916 basehttp "GET /api/v1/hr/payroll/ HTTP/1.1" 200 4108
INFO 2026-06-09 13:32:43,916 basehttp "GET /api/v1/hr/payroll/ HTTP/1.1" 200 4108
INFO 2026-06-09 13:32:44,075 basehttp "GET /api/v1/financials/invoices/?status=paid&start_date=2026-06-09&end_date=2026-06-09&page_size=100 HTTP/1.1" 200 4135
INFO 2026-06-09 13:32:44,075 basehttp "GET /api/v1/financials/invoices/?status=paid&start_date=2026-06-09&end_date=2026-06-09&page_size=100 HTTP/1.1" 200 4135
INFO 2026-06-09 13:32:49,633 basehttp "GET /api/v1/financials/transactions/?page=1&page_size=20 HTTP/1.1" 200 4543
INFO 2026-06-09 13:32:49,633 basehttp "GET /api/v1/financials/transactions/?page=1&page_size=20 HTTP/1.1" 200 4543
INFO 2026-06-09 13:32:49,705 basehttp "GET /api/v1/financials/transactions/?page=1&page_size=20 HTTP/1.1" 200 4543
INFO 2026-06-09 13:32:49,705 basehttp "GET /api/v1/financials/transactions/?page=1&page_size=20 HTTP/1.1" 200 4543
INFO 2026-06-09 13:35:37,998 basehttp "GET /api/v1/inventory/products/ HTTP/1.1" 200 2245
INFO 2026-06-09 13:35:37,998 basehttp "GET /api/v1/inventory/products/ HTTP/1.1" 200 2245
INFO 2026-06-09 13:35:38,107 basehttp "GET /api/v1/inventory/products/ HTTP/1.1" 200 2245
INFO 2026-06-09 13:35:38,107 basehttp "GET /api/v1/inventory/products/ HTTP/1.1" 200 2245
INFO 2026-06-09 13:35:38,129 basehttp "GET /api/v1/inventory/stock/movements/ HTTP/1.1" 200 4115
INFO 2026-06-09 13:35:38,129 basehttp "GET /api/v1/inventory/stock/movements/ HTTP/1.1" 200 4115
INFO 2026-06-09 13:35:38,366 basehttp "GET /api/v1/inventory/stock/movements/ HTTP/1.1" 200 4115
INFO 2026-06-09 13:35:38,366 basehttp "GET /api/v1/inventory/stock/movements/ HTTP/1.1" 200 4115
INFO 2026-06-09 13:35:42,809 basehttp "GET /api/v1/inventory/suppliers/ HTTP/1.1" 200 532
INFO 2026-06-09 13:35:42,809 basehttp "GET /api/v1/inventory/suppliers/ HTTP/1.1" 200 532
INFO 2026-06-09 13:35:42,878 basehttp "GET /api/v1/inventory/categories/ HTTP/1.1" 200 454
INFO 2026-06-09 13:35:42,878 basehttp "GET /api/v1/inventory/categories/ HTTP/1.1" 200 454
INFO 2026-06-09 13:35:42,907 basehttp "GET /api/v1/inventory/products/ HTTP/1.1" 200 2245
INFO 2026-06-09 13:35:42,907 basehttp "GET /api/v1/inventory/products/ HTTP/1.1" 200 2245
INFO 2026-06-09 13:35:43,083 basehttp "GET /api/v1/inventory/categories/ HTTP/1.1" 200 454
INFO 2026-06-09 13:35:43,083 basehttp "GET /api/v1/inventory/categories/ HTTP/1.1" 200 454
INFO 2026-06-09 13:35:43,087 basehttp "GET /api/v1/inventory/suppliers/ HTTP/1.1" 200 532
INFO 2026-06-09 13:35:43,087 basehttp "GET /api/v1/inventory/suppliers/ HTTP/1.1" 200 532
INFO 2026-06-09 13:35:43,094 basehttp "GET /api/v1/inventory/products/ HTTP/1.1" 200 2245
INFO 2026-06-09 13:35:43,094 basehttp "GET /api/v1/inventory/products/ HTTP/1.1" 200 2245
INFO 2026-06-09 13:35:59,739 basehttp "GET /api/v1/sales/customers/ HTTP/1.1" 200 2392
INFO 2026-06-09 13:35:59,739 basehttp "GET /api/v1/sales/customers/ HTTP/1.1" 200 2392
INFO 2026-06-09 13:35:59,753 basehttp "GET /api/v1/inventory/products/ HTTP/1.1" 200 2245
INFO 2026-06-09 13:35:59,753 basehttp "GET /api/v1/inventory/products/ HTTP/1.1" 200 2245
INFO 2026-06-09 13:35:59,825 basehttp "GET /api/v1/sales/customers/ HTTP/1.1" 200 2392
INFO 2026-06-09 13:35:59,825 basehttp "GET /api/v1/sales/customers/ HTTP/1.1" 200 2392
INFO 2026-06-09 13:35:59,869 basehttp "GET /api/v1/inventory/products/ HTTP/1.1" 200 2245
INFO 2026-06-09 13:35:59,869 basehttp "GET /api/v1/inventory/products/ HTTP/1.1" 200 2245
INFO 2026-06-09 13:36:14,478 basehttp "POST /api/v1/sales/sales/process/ HTTP/1.1" 201 1021
INFO 2026-06-09 13:36:14,478 basehttp "POST /api/v1/sales/sales/process/ HTTP/1.1" 201 1021
INFO 2026-06-09 13:36:14,570 basehttp "GET /api/v1/sales/customers/ HTTP/1.1" 200 2392
INFO 2026-06-09 13:36:14,570 basehttp "GET /api/v1/sales/customers/ HTTP/1.1" 200 2392
INFO 2026-06-09 13:36:14,588 basehttp "GET /api/v1/inventory/products/ HTTP/1.1" 200 2245
INFO 2026-06-09 13:36:14,588 basehttp "GET /api/v1/inventory/products/ HTTP/1.1" 200 2245
WARNING 2026-06-09 13:37:42,157 basehttp "GET / HTTP/1.1" 404 3253
WARNING 2026-06-09 13:37:42,157 basehttp "GET / HTTP/1.1" 404 3253
WARNING 2026-06-09 13:37:42,368 basehttp "GET /favicon.ico HTTP/1.1" 404 3304
WARNING 2026-06-09 13:37:42,368 basehttp "GET /favicon.ico HTTP/1.1" 404 3304
INFO 2026-06-09 13:37:58,451 basehttp "GET /api/docs/ HTTP/1.1" 200 4645
INFO 2026-06-09 13:37:58,451 basehttp "GET /api/docs/ HTTP/1.1" 200 4645
INFO 2026-06-09 13:38:09,814 basehttp "GET /api/docs/ HTTP/1.1" 200 4645
INFO 2026-06-09 13:38:09,814 basehttp "GET /api/docs/ HTTP/1.1" 200 4645
INFO 2026-06-09 13:38:20,853 basehttp "GET /api/v1/inventory/suppliers/ HTTP/1.1" 200 532
INFO 2026-06-09 13:38:20,853 basehttp "GET /api/v1/inventory/suppliers/ HTTP/1.1" 200 532
INFO 2026-06-09 13:38:20,863 basehttp "GET /api/v1/inventory/categories/ HTTP/1.1" 200 454
INFO 2026-06-09 13:38:20,863 basehttp "GET /api/v1/inventory/categories/ HTTP/1.1" 200 454
INFO 2026-06-09 13:38:20,899 basehttp "GET /api/v1/inventory/products/ HTTP/1.1" 200 2245
INFO 2026-06-09 13:38:20,899 basehttp "GET /api/v1/inventory/products/ HTTP/1.1" 200 2245
INFO 2026-06-09 13:38:20,939 basehttp "GET /api/v1/inventory/suppliers/ HTTP/1.1" 200 532
INFO 2026-06-09 13:38:20,939 basehttp "GET /api/v1/inventory/suppliers/ HTTP/1.1" 200 532
INFO 2026-06-09 13:38:20,957 basehttp "GET /api/v1/inventory/categories/ HTTP/1.1" 200 454
INFO 2026-06-09 13:38:20,957 basehttp "GET /api/v1/inventory/categories/ HTTP/1.1" 200 454
INFO 2026-06-09 13:38:20,982 basehttp "GET /api/v1/inventory/products/ HTTP/1.1" 200 2245
INFO 2026-06-09 13:38:20,982 basehttp "GET /api/v1/inventory/products/ HTTP/1.1" 200 2245
WARNING 2026-06-09 13:39:29,243 basehttp "GET /api/v1/inventory/products/ HTTP/1.1" 401 183
WARNING 2026-06-09 13:39:29,245 basehttp "GET /api/v1/sales/customers/ HTTP/1.1" 401 183
WARNING 2026-06-09 13:39:29,246 basehttp "GET /api/v1/inventory/products/ HTTP/1.1" 401 183
WARNING 2026-06-09 13:39:29,246 basehttp "GET /api/v1/inventory/products/ HTTP/1.1" 401 183
WARNING 2026-06-09 13:39:29,245 basehttp "GET /api/v1/sales/customers/ HTTP/1.1" 401 183
WARNING 2026-06-09 13:39:29,243 basehttp "GET /api/v1/inventory/products/ HTTP/1.1" 401 183
WARNING 2026-06-09 13:39:29,261 basehttp "GET /api/v1/sales/customers/ HTTP/1.1" 401 183
WARNING 2026-06-09 13:39:29,261 basehttp "GET /api/v1/sales/customers/ HTTP/1.1" 401 183
INFO 2026-06-09 13:39:29,323 basehttp "POST /api/v1/auth/refresh/ HTTP/1.1" 200 483
INFO 2026-06-09 13:39:29,323 basehttp "POST /api/v1/auth/refresh/ HTTP/1.1" 200 483
INFO 2026-06-09 13:39:29,381 basehttp "GET /api/v1/sales/customers/ HTTP/1.1" 200 2392
INFO 2026-06-09 13:39:29,381 basehttp "GET /api/v1/sales/customers/ HTTP/1.1" 200 2392
INFO 2026-06-09 13:39:29,401 basehttp "GET /api/v1/inventory/products/ HTTP/1.1" 200 2245
INFO 2026-06-09 13:39:29,401 basehttp "GET /api/v1/inventory/products/ HTTP/1.1" 200 2245
INFO 2026-06-09 13:39:29,435 basehttp "GET /api/v1/sales/customers/ HTTP/1.1" 200 2392
INFO 2026-06-09 13:39:29,435 basehttp "GET /api/v1/sales/customers/ HTTP/1.1" 200 2392
INFO 2026-06-09 13:39:29,485 basehttp "GET /api/v1/inventory/products/ HTTP/1.1" 200 2245
INFO 2026-06-09 13:39:29,485 basehttp "GET /api/v1/inventory/products/ HTTP/1.1" 200 2245
INFO 2026-06-09 13:42:49,527 basehttp "GET /api/v1/inventory/suppliers/ HTTP/1.1" 200 532
INFO 2026-06-09 13:42:49,527 basehttp "GET /api/v1/inventory/suppliers/ HTTP/1.1" 200 532
INFO 2026-06-09 13:42:49,548 basehttp "GET /api/v1/inventory/categories/ HTTP/1.1" 200 454
INFO 2026-06-09 13:42:49,548 basehttp "GET /api/v1/inventory/categories/ HTTP/1.1" 200 454
INFO 2026-06-09 13:42:49,561 basehttp "GET /api/v1/inventory/products/ HTTP/1.1" 200 2245
INFO 2026-06-09 13:42:49,561 basehttp "GET /api/v1/inventory/products/ HTTP/1.1" 200 2245
INFO 2026-06-09 13:42:49,648 basehttp "GET /api/v1/inventory/categories/ HTTP/1.1" 200 454
INFO 2026-06-09 13:42:49,648 basehttp "GET /api/v1/inventory/categories/ HTTP/1.1" 200 454
INFO 2026-06-09 13:42:49,665 basehttp "GET /api/v1/inventory/suppliers/ HTTP/1.1" 200 532
INFO 2026-06-09 13:42:49,665 basehttp "GET /api/v1/inventory/suppliers/ HTTP/1.1" 200 532
INFO 2026-06-09 13:42:49,677 basehttp "GET /api/v1/inventory/products/ HTTP/1.1" 200 2245
INFO 2026-06-09 13:42:49,677 basehttp "GET /api/v1/inventory/products/ HTTP/1.1" 200 2245
INFO 2026-06-09 13:44:58,861 basehttp "POST /api/v1/inventory/products/ HTTP/1.1" 201 562
INFO 2026-06-09 13:44:58,861 basehttp "POST /api/v1/inventory/products/ HTTP/1.1" 201 562
INFO 2026-06-09 13:44:58,987 basehttp "GET /api/v1/inventory/categories/ HTTP/1.1" 200 454
INFO 2026-06-09 13:44:58,987 basehttp "GET /api/v1/inventory/categories/ HTTP/1.1" 200 454
INFO 2026-06-09 13:44:59,003 basehttp "GET /api/v1/inventory/suppliers/ HTTP/1.1" 200 532
INFO 2026-06-09 13:44:59,003 basehttp "GET /api/v1/inventory/suppliers/ HTTP/1.1" 200 532
INFO 2026-06-09 13:44:59,023 basehttp "GET /api/v1/inventory/products/ HTTP/1.1" 200 2808
INFO 2026-06-09 13:44:59,023 basehttp "GET /api/v1/inventory/products/ HTTP/1.1" 200 2808
INFO 2026-06-09 13:45:14,267 basehttp "GET /api/v1/sales/customers/ HTTP/1.1" 200 2392
INFO 2026-06-09 13:45:14,267 basehttp "GET /api/v1/sales/customers/ HTTP/1.1" 200 2392
INFO 2026-06-09 13:45:14,295 basehttp "GET /api/v1/inventory/products/ HTTP/1.1" 200 2808
INFO 2026-06-09 13:45:14,295 basehttp "GET /api/v1/inventory/products/ HTTP/1.1" 200 2808
INFO 2026-06-09 13:45:14,377 basehttp "GET /api/v1/sales/customers/ HTTP/1.1" 200 2392
INFO 2026-06-09 13:45:14,377 basehttp "GET /api/v1/sales/customers/ HTTP/1.1" 200 2392
INFO 2026-06-09 13:45:14,391 basehttp "GET /api/v1/inventory/products/ HTTP/1.1" 200 2808
INFO 2026-06-09 13:45:14,391 basehttp "GET /api/v1/inventory/products/ HTTP/1.1" 200 2808
INFO 2026-06-09 13:46:04,664 basehttp "POST /api/v1/sales/sales/process/ HTTP/1.1" 201 1034
INFO 2026-06-09 13:46:04,664 basehttp "POST /api/v1/sales/sales/process/ HTTP/1.1" 201 1034
INFO 2026-06-09 13:46:04,737 basehttp "GET /api/v1/sales/customers/ HTTP/1.1" 200 2376
INFO 2026-06-09 13:46:04,737 basehttp "GET /api/v1/sales/customers/ HTTP/1.1" 200 2376
INFO 2026-06-09 13:46:04,767 basehttp "GET /api/v1/inventory/products/ HTTP/1.1" 200 2805
INFO 2026-06-09 13:46:04,767 basehttp "GET /api/v1/inventory/products/ HTTP/1.1" 200 2805
INFO 2026-06-09 13:46:24,234 basehttp "GET /api/v1/inventory/categories/ HTTP/1.1" 200 454
INFO 2026-06-09 13:46:24,234 basehttp "GET /api/v1/inventory/categories/ HTTP/1.1" 200 454
INFO 2026-06-09 13:46:24,250 basehttp "GET /api/v1/inventory/suppliers/ HTTP/1.1" 200 532
INFO 2026-06-09 13:46:24,250 basehttp "GET /api/v1/inventory/suppliers/ HTTP/1.1" 200 532
INFO 2026-06-09 13:46:24,308 basehttp "GET /api/v1/inventory/products/ HTTP/1.1" 200 2805
INFO 2026-06-09 13:46:24,308 basehttp "GET /api/v1/inventory/products/ HTTP/1.1" 200 2805
INFO 2026-06-09 13:46:24,407 basehttp "GET /api/v1/inventory/categories/ HTTP/1.1" 200 454
INFO 2026-06-09 13:46:24,407 basehttp "GET /api/v1/inventory/categories/ HTTP/1.1" 200 454
INFO 2026-06-09 13:46:24,427 basehttp "GET /api/v1/inventory/suppliers/ HTTP/1.1" 200 532
INFO 2026-06-09 13:46:24,427 basehttp "GET /api/v1/inventory/suppliers/ HTTP/1.1" 200 532
INFO 2026-06-09 13:46:24,440 basehttp "GET /api/v1/inventory/products/ HTTP/1.1" 200 2805
INFO 2026-06-09 13:46:24,440 basehttp "GET /api/v1/inventory/products/ HTTP/1.1" 200 2805
INFO 2026-06-09 13:47:31,736 basehttp "GET /api/v1/sales/customers/ HTTP/1.1" 200 2376
INFO 2026-06-09 13:47:31,736 basehttp "GET /api/v1/sales/customers/ HTTP/1.1" 200 2376
INFO 2026-06-09 13:47:31,785 basehttp "GET /api/v1/inventory/products/ HTTP/1.1" 200 2805
INFO 2026-06-09 13:47:31,785 basehttp "GET /api/v1/inventory/products/ HTTP/1.1" 200 2805
INFO 2026-06-09 13:47:31,832 basehttp "GET /api/v1/sales/customers/ HTTP/1.1" 200 2376
INFO 2026-06-09 13:47:31,832 basehttp "GET /api/v1/sales/customers/ HTTP/1.1" 200 2376
INFO 2026-06-09 13:47:31,894 basehttp "GET /api/v1/inventory/products/ HTTP/1.1" 200 2805
INFO 2026-06-09 13:47:31,894 basehttp "GET /api/v1/inventory/products/ HTTP/1.1" 200 2805
INFO 2026-06-09 13:48:27,667 basehttp "POST /api/v1/sales/sales/process/ HTTP/1.1" 201 1029
INFO 2026-06-09 13:48:27,667 basehttp "POST /api/v1/sales/sales/process/ HTTP/1.1" 201 1029
INFO 2026-06-09 13:48:27,756 basehttp "GET /api/v1/sales/customers/ HTTP/1.1" 200 2376
INFO 2026-06-09 13:48:27,756 basehttp "GET /api/v1/sales/customers/ HTTP/1.1" 200 2376
INFO 2026-06-09 13:48:27,771 basehttp "GET /api/v1/inventory/products/ HTTP/1.1" 200 2797
INFO 2026-06-09 13:48:27,771 basehttp "GET /api/v1/inventory/products/ HTTP/1.1" 200 2797
INFO 2026-06-09 13:48:52,598 basehttp "OPTIONS /api/v1/sales/sales/?page=1&page_size=20 HTTP/1.1" 200 0
INFO 2026-06-09 13:48:52,601 basehttp "OPTIONS /api/v1/sales/returns/ HTTP/1.1" 200 0
INFO 2026-06-09 13:48:52,602 basehttp "OPTIONS /api/v1/sales/returns/ HTTP/1.1" 200 0
INFO 2026-06-09 13:48:52,605 basehttp "OPTIONS /api/v1/sales/sales/?page=1&page_size=20 HTTP/1.1" 200 0
INFO 2026-06-09 13:48:52,598 basehttp "OPTIONS /api/v1/sales/sales/?page=1&page_size=20 HTTP/1.1" 200 0
INFO 2026-06-09 13:48:52,601 basehttp "OPTIONS /api/v1/sales/returns/ HTTP/1.1" 200 0
INFO 2026-06-09 13:48:52,602 basehttp "OPTIONS /api/v1/sales/returns/ HTTP/1.1" 200 0
INFO 2026-06-09 13:48:52,605 basehttp "OPTIONS /api/v1/sales/sales/?page=1&page_size=20 HTTP/1.1" 200 0
INFO 2026-06-09 13:48:52,806 basehttp "GET /api/v1/sales/sales/?page=1&page_size=20 HTTP/1.1" 200 7834
INFO 2026-06-09 13:48:52,806 basehttp "GET /api/v1/sales/sales/?page=1&page_size=20 HTTP/1.1" 200 7834
INFO 2026-06-09 13:48:52,831 basehttp "GET /api/v1/sales/returns/ HTTP/1.1" 200 1572
INFO 2026-06-09 13:48:52,831 basehttp "GET /api/v1/sales/returns/ HTTP/1.1" 200 1572
INFO 2026-06-09 13:48:53,031 basehttp "GET /api/v1/sales/sales/?page=1&page_size=20 HTTP/1.1" 200 7834
INFO 2026-06-09 13:48:53,031 basehttp "GET /api/v1/sales/sales/?page=1&page_size=20 HTTP/1.1" 200 7834
INFO 2026-06-09 13:48:53,074 basehttp "GET /api/v1/sales/returns/ HTTP/1.1" 200 1572
INFO 2026-06-09 13:48:53,074 basehttp "GET /api/v1/sales/returns/ HTTP/1.1" 200 1572
INFO 2026-06-09 13:54:30,005 basehttp "POST /api/v1/auth/login/ HTTP/1.1" 200 808
INFO 2026-06-09 13:54:30,005 basehttp "POST /api/v1/auth/login/ HTTP/1.1" 200 808
INFO 2026-06-09 13:54:31,926 basehttp "GET /api/v1/financials/petty-cash/?start_date=2026-06-09&end_date=2026-06-09&page_size=100 HTTP/1.1" 200 263
INFO 2026-06-09 13:54:31,926 basehttp "GET /api/v1/financials/petty-cash/?start_date=2026-06-09&end_date=2026-06-09&page_size=100 HTTP/1.1" 200 263
INFO 2026-06-09 13:54:32,028 basehttp "GET /api/v1/financials/transactions/?start_date=2026-06-09&end_date=2026-06-09&page_size=100 HTTP/1.1" 200 4587
INFO 2026-06-09 13:54:32,028 basehttp "GET /api/v1/financials/transactions/?start_date=2026-06-09&end_date=2026-06-09&page_size=100 HTTP/1.1" 200 4587
INFO 2026-06-09 13:54:32,043 basehttp "GET /api/v1/hr/payroll/ HTTP/1.1" 200 4108
INFO 2026-06-09 13:54:32,043 basehttp "GET /api/v1/hr/payroll/ HTTP/1.1" 200 4108
INFO 2026-06-09 13:54:32,077 basehttp "GET /api/v1/sales/sales/?start_date=2026-06-09&end_date=2026-06-09&page_size=100 HTTP/1.1" 200 3075
INFO 2026-06-09 13:54:32,077 basehttp "GET /api/v1/sales/sales/?start_date=2026-06-09&end_date=2026-06-09&page_size=100 HTTP/1.1" 200 3075
INFO 2026-06-09 13:54:32,110 basehttp "GET /api/v1/financials/petty-cash/?start_date=2026-06-09&end_date=2026-06-09&page_size=100 HTTP/1.1" 200 263
INFO 2026-06-09 13:54:32,110 basehttp "GET /api/v1/financials/petty-cash/?start_date=2026-06-09&end_date=2026-06-09&page_size=100 HTTP/1.1" 200 263
INFO 2026-06-09 13:54:32,197 basehttp "GET /api/v1/hr/payroll/ HTTP/1.1" 200 4108
INFO 2026-06-09 13:54:32,197 basehttp "GET /api/v1/hr/payroll/ HTTP/1.1" 200 4108
INFO 2026-06-09 13:54:32,295 basehttp "GET /api/v1/sales/sales/?start_date=2026-06-09&end_date=2026-06-09&page_size=100 HTTP/1.1" 200 3075
INFO 2026-06-09 13:54:32,295 basehttp "GET /api/v1/sales/sales/?start_date=2026-06-09&end_date=2026-06-09&page_size=100 HTTP/1.1" 200 3075
INFO 2026-06-09 13:54:32,301 basehttp "GET /api/v1/financials/transactions/?start_date=2026-06-09&end_date=2026-06-09&page_size=100 HTTP/1.1" 200 4587
INFO 2026-06-09 13:54:32,303 basehttp "GET /api/v1/financials/invoices/?status=paid&start_date=2026-06-09&end_date=2026-06-09&page_size=100 HTTP/1.1" 200 4135
INFO 2026-06-09 13:54:32,303 basehttp "GET /api/v1/financials/invoices/?status=paid&start_date=2026-06-09&end_date=2026-06-09&page_size=100 HTTP/1.1" 200 4135
INFO 2026-06-09 13:54:32,301 basehttp "GET /api/v1/financials/transactions/?start_date=2026-06-09&end_date=2026-06-09&page_size=100 HTTP/1.1" 200 4587
INFO 2026-06-09 13:54:32,394 basehttp "GET /api/v1/financials/invoices/?status=paid&start_date=2026-06-09&end_date=2026-06-09&page_size=100 HTTP/1.1" 200 4135
INFO 2026-06-09 13:54:32,394 basehttp "GET /api/v1/financials/invoices/?status=paid&start_date=2026-06-09&end_date=2026-06-09&page_size=100 HTTP/1.1" 200 4135
INFO 2026-06-09 13:55:12,241 basehttp "GET /api/v1/bi/dashboard/available-months/ HTTP/1.1" 200 177
INFO 2026-06-09 13:55:12,241 basehttp "GET /api/v1/bi/dashboard/available-months/ HTTP/1.1" 200 177
INFO 2026-06-09 13:55:12,311 basehttp "GET /api/v1/bi/dashboard/available-months/ HTTP/1.1" 200 177
INFO 2026-06-09 13:55:12,311 basehttp "GET /api/v1/bi/dashboard/available-months/ HTTP/1.1" 200 177
INFO 2026-06-09 13:55:12,621 basehttp "GET /api/v1/hr/employees/ HTTP/1.1" 200 4708
INFO 2026-06-09 13:55:12,621 basehttp "GET /api/v1/hr/employees/ HTTP/1.1" 200 4708
INFO 2026-06-09 13:55:12,716 basehttp "GET /api/v1/hr/payroll/ HTTP/1.1" 200 4108
INFO 2026-06-09 13:55:12,716 basehttp "GET /api/v1/hr/payroll/ HTTP/1.1" 200 4108
INFO 2026-06-09 13:55:25,191 basehttp "GET /api/v1/bi/dashboard/available-months/ HTTP/1.1" 200 177
INFO 2026-06-09 13:55:25,191 basehttp "GET /api/v1/bi/dashboard/available-months/ HTTP/1.1" 200 177
INFO 2026-06-09 13:55:25,254 basehttp "GET /api/v1/bi/dashboard/available-months/ HTTP/1.1" 200 177
INFO 2026-06-09 13:55:25,254 basehttp "GET /api/v1/bi/dashboard/available-months/ HTTP/1.1" 200 177
INFO 2026-06-09 13:55:25,266 basehttp "GET /api/v1/sales/customers/ HTTP/1.1" 200 2376
INFO 2026-06-09 13:55:25,266 basehttp "GET /api/v1/sales/customers/ HTTP/1.1" 200 2376
INFO 2026-06-09 13:55:35,343 basehttp "OPTIONS /api/v1/bi/sales/performance/?period=31d HTTP/1.1" 200 0
INFO 2026-06-09 13:55:35,346 basehttp "OPTIONS /api/v1/bi/sales/performance/?period=31d HTTP/1.1" 200 0
INFO 2026-06-09 13:55:35,346 basehttp "OPTIONS /api/v1/bi/sales/performance/?period=31d HTTP/1.1" 200 0
INFO 2026-06-09 13:55:35,343 basehttp "OPTIONS /api/v1/bi/sales/performance/?period=31d HTTP/1.1" 200 0
INFO 2026-06-09 13:55:35,582 basehttp "GET /api/v1/bi/sales/performance/?period=31d HTTP/1.1" 200 2047
INFO 2026-06-09 13:55:35,582 basehttp "GET /api/v1/bi/sales/performance/?period=31d HTTP/1.1" 200 2047
INFO 2026-06-09 13:55:35,599 basehttp "OPTIONS /api/v1/bi/sales/top-products/?limit=10 HTTP/1.1" 200 0
INFO 2026-06-09 13:55:35,599 basehttp "OPTIONS /api/v1/bi/sales/top-products/?limit=10 HTTP/1.1" 200 0
INFO 2026-06-09 13:55:35,704 basehttp "GET /api/v1/bi/sales/top-products/?limit=10 HTTP/1.1" 200 423
INFO 2026-06-09 13:55:35,704 basehttp "GET /api/v1/bi/sales/top-products/?limit=10 HTTP/1.1" 200 423
INFO 2026-06-09 13:55:36,004 basehttp "GET /api/v1/bi/sales/performance/?period=31d HTTP/1.1" 200 2047
INFO 2026-06-09 13:55:36,004 basehttp "GET /api/v1/bi/sales/performance/?period=31d HTTP/1.1" 200 2047
INFO 2026-06-09 13:55:36,041 basehttp "GET /api/v1/bi/sales/top-products/?limit=10 HTTP/1.1" 200 423
INFO 2026-06-09 13:55:36,041 basehttp "GET /api/v1/bi/sales/top-products/?limit=10 HTTP/1.1" 200 423
INFO 2026-06-09 13:55:48,346 basehttp "OPTIONS /api/v1/bi/financial/summary/ HTTP/1.1" 200 0
INFO 2026-06-09 13:55:48,346 basehttp "OPTIONS /api/v1/bi/financial/summary/ HTTP/1.1" 200 0
INFO 2026-06-09 13:55:48,401 basehttp "GET /api/v1/bi/financial/summary/ HTTP/1.1" 200 361
INFO 2026-06-09 13:55:48,401 basehttp "GET /api/v1/bi/financial/summary/ HTTP/1.1" 200 361
INFO 2026-06-09 13:55:48,410 basehttp "OPTIONS /api/v1/bi/financial/profit-loss/?days=31 HTTP/1.1" 200 0
INFO 2026-06-09 13:55:48,410 basehttp "OPTIONS /api/v1/bi/financial/profit-loss/?days=31 HTTP/1.1" 200 0
INFO 2026-06-09 13:55:48,431 basehttp "GET /api/v1/bi/financial/profit-loss/?days=31 HTTP/1.1" 200 94
INFO 2026-06-09 13:55:48,431 basehttp "GET /api/v1/bi/financial/profit-loss/?days=31 HTTP/1.1" 200 94
