INFO 2026-06-02 05:58:47,306 autoreload Watching for file changes with StatReloader
INFO 2026-06-02 05:58:47,306 autoreload Watching for file changes with StatReloader
INFO 2026-06-02 06:02:23,033 autoreload Watching for file changes with StatReloader
INFO 2026-06-02 06:02:23,033 autoreload Watching for file changes with StatReloader
INFO 2026-06-02 06:04:59,961 basehttp "OPTIONS /api/v1/auth/login/ HTTP/1.1" 200 0
INFO 2026-06-02 06:04:59,961 basehttp "OPTIONS /api/v1/auth/login/ HTTP/1.1" 200 0
INFO 2026-06-02 06:05:21,605 basehttp "OPTIONS /api/v1/auth/login/ HTTP/1.1" 200 0
INFO 2026-06-02 06:05:21,605 basehttp "OPTIONS /api/v1/auth/login/ HTTP/1.1" 200 0
INFO 2026-06-02 06:05:37,047 basehttp "OPTIONS /api/v1/auth/login/ HTTP/1.1" 200 0
INFO 2026-06-02 06:05:37,047 basehttp "OPTIONS /api/v1/auth/login/ HTTP/1.1" 200 0
INFO 2026-06-02 06:06:09,314 basehttp "OPTIONS /api/v1/sales/sales/?start_date=2026-06-02&end_date=2026-06-02&page_size=100 HTTP/1.1" 200 0
INFO 2026-06-02 06:06:09,314 basehttp "OPTIONS /api/v1/sales/sales/?start_date=2026-06-02&end_date=2026-06-02&page_size=100 HTTP/1.1" 200 0
INFO 2026-06-02 06:06:09,321 basehttp "OPTIONS /api/v1/financials/petty-cash/?start_date=2026-06-02&end_date=2026-06-02&page_size=100 HTTP/1.1" 200 0
INFO 2026-06-02 06:06:09,321 basehttp "OPTIONS /api/v1/financials/petty-cash/?start_date=2026-06-02&end_date=2026-06-02&page_size=100 HTTP/1.1" 200 0
INFO 2026-06-02 06:06:09,331 basehttp "OPTIONS /api/v1/financials/transactions/?start_date=2026-06-02&end_date=2026-06-02&page_size=100 HTTP/1.1" 200 0
INFO 2026-06-02 06:06:09,331 basehttp "OPTIONS /api/v1/financials/transactions/?start_date=2026-06-02&end_date=2026-06-02&page_size=100 HTTP/1.1" 200 0
INFO 2026-06-02 06:06:09,362 basehttp "OPTIONS /api/v1/financials/petty-cash/?start_date=2026-06-02&end_date=2026-06-02&page_size=100 HTTP/1.1" 200 0
INFO 2026-06-02 06:06:09,362 basehttp "OPTIONS /api/v1/financials/petty-cash/?start_date=2026-06-02&end_date=2026-06-02&page_size=100 HTTP/1.1" 200 0
INFO 2026-06-02 06:06:09,405 basehttp "OPTIONS /api/v1/sales/sales/?start_date=2026-06-02&end_date=2026-06-02&page_size=100 HTTP/1.1" 200 0
INFO 2026-06-02 06:06:09,405 basehttp "OPTIONS /api/v1/sales/sales/?start_date=2026-06-02&end_date=2026-06-02&page_size=100 HTTP/1.1" 200 0
INFO 2026-06-02 06:06:09,417 basehttp "OPTIONS /api/v1/financials/transactions/?start_date=2026-06-02&end_date=2026-06-02&page_size=100 HTTP/1.1" 200 0
INFO 2026-06-02 06:06:09,417 basehttp "OPTIONS /api/v1/financials/transactions/?start_date=2026-06-02&end_date=2026-06-02&page_size=100 HTTP/1.1" 200 0
WARNING 2026-06-02 06:06:09,468 basehttp "GET /api/v1/sales/sales/?start_date=2026-06-02&end_date=2026-06-02&page_size=100 HTTP/1.1" 401 183
WARNING 2026-06-02 06:06:09,468 basehttp "GET /api/v1/sales/sales/?start_date=2026-06-02&end_date=2026-06-02&page_size=100 HTTP/1.1" 401 183
WARNING 2026-06-02 06:06:09,478 basehttp "GET /api/v1/hr/payroll/ HTTP/1.1" 401 183
WARNING 2026-06-02 06:06:09,482 basehttp "GET /api/v1/financials/petty-cash/?start_date=2026-06-02&end_date=2026-06-02&page_size=100 HTTP/1.1" 401 183
WARNING 2026-06-02 06:06:09,478 basehttp "GET /api/v1/hr/payroll/ HTTP/1.1" 401 183
WARNING 2026-06-02 06:06:09,482 basehttp "GET /api/v1/financials/petty-cash/?start_date=2026-06-02&end_date=2026-06-02&page_size=100 HTTP/1.1" 401 183
WARNING 2026-06-02 06:06:09,503 basehttp "GET /api/v1/sales/sales/?start_date=2026-06-02&end_date=2026-06-02&page_size=100 HTTP/1.1" 401 183
WARNING 2026-06-02 06:06:09,507 basehttp "GET /api/v1/financials/petty-cash/?start_date=2026-06-02&end_date=2026-06-02&page_size=100 HTTP/1.1" 401 183
WARNING 2026-06-02 06:06:09,503 basehttp "GET /api/v1/sales/sales/?start_date=2026-06-02&end_date=2026-06-02&page_size=100 HTTP/1.1" 401 183
WARNING 2026-06-02 06:06:09,515 basehttp "GET /api/v1/hr/payroll/ HTTP/1.1" 401 183
WARNING 2026-06-02 06:06:09,507 basehttp "GET /api/v1/financials/petty-cash/?start_date=2026-06-02&end_date=2026-06-02&page_size=100 HTTP/1.1" 401 183
WARNING 2026-06-02 06:06:09,515 basehttp "GET /api/v1/hr/payroll/ HTTP/1.1" 401 183
WARNING 2026-06-02 06:06:09,528 basehttp "GET /api/v1/financials/transactions/?start_date=2026-06-02&end_date=2026-06-02&page_size=100 HTTP/1.1" 401 183
WARNING 2026-06-02 06:06:09,535 basehttp "GET /api/v1/financials/transactions/?start_date=2026-06-02&end_date=2026-06-02&page_size=100 HTTP/1.1" 401 183
WARNING 2026-06-02 06:06:09,528 basehttp "GET /api/v1/financials/transactions/?start_date=2026-06-02&end_date=2026-06-02&page_size=100 HTTP/1.1" 401 183
WARNING 2026-06-02 06:06:09,535 basehttp "GET /api/v1/financials/transactions/?start_date=2026-06-02&end_date=2026-06-02&page_size=100 HTTP/1.1" 401 183
INFO 2026-06-02 06:06:09,651 basehttp "POST /api/v1/auth/refresh/ HTTP/1.1" 200 483
INFO 2026-06-02 06:06:09,651 basehttp "POST /api/v1/auth/refresh/ HTTP/1.1" 200 483
INFO 2026-06-02 06:06:09,832 basehttp "GET /api/v1/financials/transactions/?start_date=2026-06-02&end_date=2026-06-02&page_size=100 HTTP/1.1" 200 4549
INFO 2026-06-02 06:06:09,832 basehttp "GET /api/v1/financials/transactions/?start_date=2026-06-02&end_date=2026-06-02&page_size=100 HTTP/1.1" 200 4549
INFO 2026-06-02 06:06:09,920 basehttp "GET /api/v1/financials/petty-cash/?start_date=2026-06-02&end_date=2026-06-02&page_size=100 HTTP/1.1" 200 263
INFO 2026-06-02 06:06:09,920 basehttp "GET /api/v1/financials/petty-cash/?start_date=2026-06-02&end_date=2026-06-02&page_size=100 HTTP/1.1" 200 263
INFO 2026-06-02 06:06:09,933 basehttp "GET /api/v1/sales/sales/?start_date=2026-06-02&end_date=2026-06-02&page_size=100 HTTP/1.1" 200 52
INFO 2026-06-02 06:06:09,937 basehttp "GET /api/v1/hr/payroll/ HTTP/1.1" 200 4108
INFO 2026-06-02 06:06:09,937 basehttp "GET /api/v1/hr/payroll/ HTTP/1.1" 200 4108
INFO 2026-06-02 06:06:09,933 basehttp "GET /api/v1/sales/sales/?start_date=2026-06-02&end_date=2026-06-02&page_size=100 HTTP/1.1" 200 52
INFO 2026-06-02 06:06:10,019 basehttp "GET /api/v1/sales/sales/?start_date=2026-06-02&end_date=2026-06-02&page_size=100 HTTP/1.1" 200 52
INFO 2026-06-02 06:06:10,019 basehttp "GET /api/v1/sales/sales/?start_date=2026-06-02&end_date=2026-06-02&page_size=100 HTTP/1.1" 200 52
INFO 2026-06-02 06:06:10,061 basehttp "GET /api/v1/financials/transactions/?start_date=2026-06-02&end_date=2026-06-02&page_size=100 HTTP/1.1" 200 4549
INFO 2026-06-02 06:06:10,061 basehttp "GET /api/v1/financials/transactions/?start_date=2026-06-02&end_date=2026-06-02&page_size=100 HTTP/1.1" 200 4549
INFO 2026-06-02 06:06:10,114 basehttp "GET /api/v1/financials/petty-cash/?start_date=2026-06-02&end_date=2026-06-02&page_size=100 HTTP/1.1" 200 263
INFO 2026-06-02 06:06:10,114 basehttp "GET /api/v1/financials/petty-cash/?start_date=2026-06-02&end_date=2026-06-02&page_size=100 HTTP/1.1" 200 263
INFO 2026-06-02 06:06:10,122 basehttp "OPTIONS /api/v1/financials/invoices/?status=paid&start_date=2026-06-02&end_date=2026-06-02&page_size=100 HTTP/1.1" 200 0
INFO 2026-06-02 06:06:10,122 basehttp "OPTIONS /api/v1/financials/invoices/?status=paid&start_date=2026-06-02&end_date=2026-06-02&page_size=100 HTTP/1.1" 200 0
INFO 2026-06-02 06:06:10,240 basehttp "GET /api/v1/financials/invoices/?status=paid&start_date=2026-06-02&end_date=2026-06-02&page_size=100 HTTP/1.1" 200 3624
INFO 2026-06-02 06:06:10,240 basehttp "GET /api/v1/financials/invoices/?status=paid&start_date=2026-06-02&end_date=2026-06-02&page_size=100 HTTP/1.1" 200 3624
INFO 2026-06-02 06:06:10,282 basehttp "GET /api/v1/hr/payroll/ HTTP/1.1" 200 4108
INFO 2026-06-02 06:06:10,282 basehttp "GET /api/v1/hr/payroll/ HTTP/1.1" 200 4108
INFO 2026-06-02 06:06:10,388 basehttp "GET /api/v1/financials/invoices/?status=paid&start_date=2026-06-02&end_date=2026-06-02&page_size=100 HTTP/1.1" 200 3624
INFO 2026-06-02 06:06:10,388 basehttp "GET /api/v1/financials/invoices/?status=paid&start_date=2026-06-02&end_date=2026-06-02&page_size=100 HTTP/1.1" 200 3624
INFO 2026-06-02 06:06:26,037 basehttp "GET /api/v1/bi/dashboard/available-months/ HTTP/1.1" 200 177
INFO 2026-06-02 06:06:26,037 basehttp "GET /api/v1/bi/dashboard/available-months/ HTTP/1.1" 200 177
INFO 2026-06-02 06:06:26,218 basehttp "OPTIONS /api/v1/bi/dashboard/?month=2026-06 HTTP/1.1" 200 0
INFO 2026-06-02 06:06:26,218 basehttp "OPTIONS /api/v1/bi/dashboard/trends/?days=30 HTTP/1.1" 200 0
INFO 2026-06-02 06:06:26,220 basehttp "OPTIONS /api/v1/bi/dashboard/alerts/ HTTP/1.1" 200 0
INFO 2026-06-02 06:06:26,218 basehttp "OPTIONS /api/v1/bi/dashboard/?month=2026-06 HTTP/1.1" 200 0
INFO 2026-06-02 06:06:26,218 basehttp "OPTIONS /api/v1/bi/dashboard/trends/?days=30 HTTP/1.1" 200 0
INFO 2026-06-02 06:06:26,220 basehttp "OPTIONS /api/v1/bi/dashboard/alerts/ HTTP/1.1" 200 0
INFO 2026-06-02 06:06:26,287 basehttp "GET /api/v1/bi/dashboard/alerts/ HTTP/1.1" 200 23
INFO 2026-06-02 06:06:26,287 basehttp "GET /api/v1/bi/dashboard/alerts/ HTTP/1.1" 200 23
INFO 2026-06-02 06:06:26,306 basehttp "GET /api/v1/bi/dashboard/available-months/ HTTP/1.1" 200 177
INFO 2026-06-02 06:06:26,306 basehttp "GET /api/v1/bi/dashboard/available-months/ HTTP/1.1" 200 177
INFO 2026-06-02 06:06:26,450 basehttp "GET /api/v1/bi/dashboard/?month=2026-06 HTTP/1.1" 200 900
INFO 2026-06-02 06:06:26,450 basehttp "GET /api/v1/bi/dashboard/?month=2026-06 HTTP/1.1" 200 900
INFO 2026-06-02 06:06:26,554 basehttp "GET /api/v1/bi/dashboard/trends/?days=30 HTTP/1.1" 200 1168
INFO 2026-06-02 06:06:26,554 basehttp "GET /api/v1/bi/dashboard/trends/?days=30 HTTP/1.1" 200 1168
INFO 2026-06-02 06:07:01,151 basehttp "GET /api/v1/financials/budgets/?year=2026&status=active&period=monthly HTTP/1.1" 200 52
INFO 2026-06-02 06:07:01,151 basehttp "GET /api/v1/financials/budgets/?year=2026&status=active&period=monthly HTTP/1.1" 200 52
INFO 2026-06-02 06:07:01,292 basehttp "GET /api/v1/financials/loans/ HTTP/1.1" 200 473
INFO 2026-06-02 06:07:01,292 basehttp "GET /api/v1/financials/loans/ HTTP/1.1" 200 473
INFO 2026-06-02 06:07:01,310 basehttp "GET /api/v1/financials/transactions/ HTTP/1.1" 200 4493
INFO 2026-06-02 06:07:01,310 basehttp "GET /api/v1/financials/transactions/ HTTP/1.1" 200 4493
INFO 2026-06-02 06:07:01,368 basehttp "GET /api/v1/bi/financial/profit-loss/ HTTP/1.1" 200 94
INFO 2026-06-02 06:07:01,368 basehttp "GET /api/v1/bi/financial/profit-loss/ HTTP/1.1" 200 94
INFO 2026-06-02 06:07:01,428 basehttp "GET /api/v1/financials/budgets/?year=2026&status=active&period=monthly HTTP/1.1" 200 52
INFO 2026-06-02 06:07:01,428 basehttp "GET /api/v1/financials/budgets/?year=2026&status=active&period=monthly HTTP/1.1" 200 52
INFO 2026-06-02 06:07:01,458 basehttp "GET /api/v1/financials/cash-flow/ HTTP/1.1" 200 1961
INFO 2026-06-02 06:07:01,458 basehttp "GET /api/v1/financials/cash-flow/ HTTP/1.1" 200 1961
INFO 2026-06-02 06:07:01,480 basehttp "GET /api/v1/sales/customers/ HTTP/1.1" 200 2392
INFO 2026-06-02 06:07:01,480 basehttp "GET /api/v1/sales/customers/ HTTP/1.1" 200 2392
INFO 2026-06-02 06:07:01,564 basehttp "GET /api/v1/financials/petty-cash/ HTTP/1.1" 200 263
INFO 2026-06-02 06:07:01,564 basehttp "GET /api/v1/financials/petty-cash/ HTTP/1.1" 200 263
INFO 2026-06-02 06:07:01,719 basehttp "GET /api/v1/financials/cash-flow/ HTTP/1.1" 200 1961
INFO 2026-06-02 06:07:01,719 basehttp "GET /api/v1/financials/cash-flow/ HTTP/1.1" 200 1961
INFO 2026-06-02 06:07:01,775 basehttp "GET /api/v1/bi/financial/profit-loss/ HTTP/1.1" 200 94
INFO 2026-06-02 06:07:01,775 basehttp "GET /api/v1/bi/financial/profit-loss/ HTTP/1.1" 200 94
INFO 2026-06-02 06:07:01,779 basehttp "GET /api/v1/sales/sales/?page_size=500 HTTP/1.1" 200 8483
INFO 2026-06-02 06:07:01,779 basehttp "GET /api/v1/sales/sales/?page_size=500 HTTP/1.1" 200 8483
INFO 2026-06-02 06:07:01,805 basehttp "GET /api/v1/financials/invoices/ HTTP/1.1" 200 3624
INFO 2026-06-02 06:07:01,805 basehttp "GET /api/v1/financials/invoices/ HTTP/1.1" 200 3624
INFO 2026-06-02 06:07:01,914 basehttp "GET /api/v1/financials/loans/ HTTP/1.1" 200 473
INFO 2026-06-02 06:07:01,914 basehttp "GET /api/v1/financials/loans/ HTTP/1.1" 200 473
INFO 2026-06-02 06:07:01,968 basehttp "GET /api/v1/financials/transactions/ HTTP/1.1" 200 4493
INFO 2026-06-02 06:07:02,000 basehttp "GET /api/v1/financials/petty-cash/ HTTP/1.1" 200 263
INFO 2026-06-02 06:07:02,000 basehttp "GET /api/v1/financials/petty-cash/ HTTP/1.1" 200 263
INFO 2026-06-02 06:07:02,003 basehttp "GET /api/v1/hr/payroll/ HTTP/1.1" 200 4108
INFO 2026-06-02 06:07:02,003 basehttp "GET /api/v1/hr/payroll/ HTTP/1.1" 200 4108
INFO 2026-06-02 06:07:02,042 basehttp "GET /api/v1/sales/customers/ HTTP/1.1" 200 2392
INFO 2026-06-02 06:07:02,042 basehttp "GET /api/v1/sales/customers/ HTTP/1.1" 200 2392
INFO 2026-06-02 06:07:01,968 basehttp "GET /api/v1/financials/transactions/ HTTP/1.1" 200 4493
INFO 2026-06-02 06:07:02,240 basehttp "GET /api/v1/financials/invoices/ HTTP/1.1" 200 3624
INFO 2026-06-02 06:07:02,240 basehttp "GET /api/v1/financials/invoices/ HTTP/1.1" 200 3624
INFO 2026-06-02 06:07:02,284 basehttp "GET /api/v1/hr/payroll/ HTTP/1.1" 200 4108
INFO 2026-06-02 06:07:02,284 basehttp "GET /api/v1/hr/payroll/ HTTP/1.1" 200 4108
INFO 2026-06-02 06:07:02,306 basehttp "GET /api/v1/sales/sales/?page_size=500 HTTP/1.1" 200 8483
INFO 2026-06-02 06:07:02,306 basehttp "GET /api/v1/sales/sales/?page_size=500 HTTP/1.1" 200 8483
INFO 2026-06-02 06:07:48,636 basehttp "GET /api/v1/bi/dashboard/available-months/ HTTP/1.1" 200 177
INFO 2026-06-02 06:07:48,636 basehttp "GET /api/v1/bi/dashboard/available-months/ HTTP/1.1" 200 177
INFO 2026-06-02 06:07:48,745 basehttp "GET /api/v1/bi/dashboard/available-months/ HTTP/1.1" 200 177
INFO 2026-06-02 06:07:48,745 basehttp "GET /api/v1/bi/dashboard/available-months/ HTTP/1.1" 200 177
INFO 2026-06-02 06:07:48,808 basehttp "GET /api/v1/sales/sales/?start_date=2026-05-31&end_date=2026-06-29&page_size=500 HTTP/1.1" 200 2291
INFO 2026-06-02 06:07:48,808 basehttp "GET /api/v1/sales/sales/?start_date=2026-05-31&end_date=2026-06-29&page_size=500 HTTP/1.1" 200 2291
INFO 2026-06-02 06:07:48,877 basehttp "GET /api/v1/bi/sales/top-products/?limit=10 HTTP/1.1" 200 342
INFO 2026-06-02 06:07:48,877 basehttp "GET /api/v1/bi/sales/top-products/?limit=10 HTTP/1.1" 200 342
INFO 2026-06-02 06:07:49,460 basehttp "GET /api/v1/bi/trends/?days=180 HTTP/1.1" 200 6568
INFO 2026-06-02 06:07:49,460 basehttp "GET /api/v1/bi/trends/?days=180 HTTP/1.1" 200 6568
INFO 2026-06-02 06:08:32,949 basehttp "OPTIONS /api/v1/inventory/products/ HTTP/1.1" 200 0
INFO 2026-06-02 06:08:32,950 basehttp "OPTIONS /api/v1/inventory/products/ HTTP/1.1" 200 0
INFO 2026-06-02 06:08:32,949 basehttp "OPTIONS /api/v1/inventory/products/ HTTP/1.1" 200 0
INFO 2026-06-02 06:08:32,950 basehttp "OPTIONS /api/v1/inventory/products/ HTTP/1.1" 200 0
INFO 2026-06-02 06:08:32,975 basehttp "GET /api/v1/sales/customers/ HTTP/1.1" 200 2392
INFO 2026-06-02 06:08:32,975 basehttp "GET /api/v1/sales/customers/ HTTP/1.1" 200 2392
INFO 2026-06-02 06:08:33,138 basehttp "GET /api/v1/inventory/products/ HTTP/1.1" 200 2245
INFO 2026-06-02 06:08:33,138 basehttp "GET /api/v1/inventory/products/ HTTP/1.1" 200 2245
INFO 2026-06-02 06:08:33,151 basehttp "GET /api/v1/sales/customers/ HTTP/1.1" 200 2392
INFO 2026-06-02 06:08:33,151 basehttp "GET /api/v1/sales/customers/ HTTP/1.1" 200 2392
INFO 2026-06-02 06:08:33,293 basehttp "GET /api/v1/inventory/products/ HTTP/1.1" 200 2245
INFO 2026-06-02 06:08:33,293 basehttp "GET /api/v1/inventory/products/ HTTP/1.1" 200 2245
INFO 2026-06-02 06:08:36,893 basehttp "GET /api/v1/sales/sales/?start_date=2026-06-02&end_date=2026-06-02&page_size=100 HTTP/1.1" 200 52
INFO 2026-06-02 06:08:36,893 basehttp "GET /api/v1/sales/sales/?start_date=2026-06-02&end_date=2026-06-02&page_size=100 HTTP/1.1" 200 52
INFO 2026-06-02 06:08:36,900 basehttp "GET /api/v1/financials/petty-cash/?start_date=2026-06-02&end_date=2026-06-02&page_size=100 HTTP/1.1" 200 263
INFO 2026-06-02 06:08:36,900 basehttp "GET /api/v1/financials/petty-cash/?start_date=2026-06-02&end_date=2026-06-02&page_size=100 HTTP/1.1" 200 263
INFO 2026-06-02 06:08:36,999 basehttp "GET /api/v1/financials/transactions/?start_date=2026-06-02&end_date=2026-06-02&page_size=100 HTTP/1.1" 200 4549
INFO 2026-06-02 06:08:36,999 basehttp "GET /api/v1/financials/transactions/?start_date=2026-06-02&end_date=2026-06-02&page_size=100 HTTP/1.1" 200 4549
INFO 2026-06-02 06:08:37,056 basehttp "GET /api/v1/financials/transactions/?start_date=2026-06-02&end_date=2026-06-02&page_size=100 HTTP/1.1" 200 4549
INFO 2026-06-02 06:08:37,056 basehttp "GET /api/v1/financials/transactions/?start_date=2026-06-02&end_date=2026-06-02&page_size=100 HTTP/1.1" 200 4549
INFO 2026-06-02 06:08:37,079 basehttp "GET /api/v1/hr/payroll/ HTTP/1.1" 200 4108
INFO 2026-06-02 06:08:37,079 basehttp "GET /api/v1/hr/payroll/ HTTP/1.1" 200 4108
INFO 2026-06-02 06:08:37,139 basehttp "GET /api/v1/sales/sales/?start_date=2026-06-02&end_date=2026-06-02&page_size=100 HTTP/1.1" 200 52
INFO 2026-06-02 06:08:37,139 basehttp "GET /api/v1/sales/sales/?start_date=2026-06-02&end_date=2026-06-02&page_size=100 HTTP/1.1" 200 52
INFO 2026-06-02 06:08:37,173 basehttp "GET /api/v1/financials/petty-cash/?start_date=2026-06-02&end_date=2026-06-02&page_size=100 HTTP/1.1" 200 263
INFO 2026-06-02 06:08:37,173 basehttp "GET /api/v1/financials/petty-cash/?start_date=2026-06-02&end_date=2026-06-02&page_size=100 HTTP/1.1" 200 263
INFO 2026-06-02 06:08:37,249 basehttp "GET /api/v1/financials/invoices/?status=paid&start_date=2026-06-02&end_date=2026-06-02&page_size=100 HTTP/1.1" 200 3624
INFO 2026-06-02 06:08:37,249 basehttp "GET /api/v1/financials/invoices/?status=paid&start_date=2026-06-02&end_date=2026-06-02&page_size=100 HTTP/1.1" 200 3624
INFO 2026-06-02 06:08:37,364 basehttp "GET /api/v1/hr/payroll/ HTTP/1.1" 200 4108
INFO 2026-06-02 06:08:37,364 basehttp "GET /api/v1/hr/payroll/ HTTP/1.1" 200 4108
INFO 2026-06-02 06:08:37,446 basehttp "GET /api/v1/financials/invoices/?status=paid&start_date=2026-06-02&end_date=2026-06-02&page_size=100 HTTP/1.1" 200 3624
INFO 2026-06-02 06:08:37,446 basehttp "GET /api/v1/financials/invoices/?status=paid&start_date=2026-06-02&end_date=2026-06-02&page_size=100 HTTP/1.1" 200 3624
INFO 2026-06-02 06:08:50,408 basehttp "GET /api/docs/ HTTP/1.1" 200 4645
INFO 2026-06-02 06:08:50,408 basehttp "GET /api/docs/ HTTP/1.1" 200 4645
INFO 2026-06-02 06:08:52,236 basehttp "GET /api/schema/ HTTP/1.1" 200 395065
INFO 2026-06-02 06:08:52,236 basehttp "GET /api/schema/ HTTP/1.1" 200 395065
INFO 2026-06-02 06:09:08,261 basehttp "POST /api/v1/auth/login/ HTTP/1.1" 200 808
INFO 2026-06-02 06:09:08,261 basehttp "POST /api/v1/auth/login/ HTTP/1.1" 200 808
INFO 2026-06-02 06:10:34,530 basehttp "GET /api/v1/inventory/products/ HTTP/1.1" 200 2245
INFO 2026-06-02 06:10:34,530 basehttp "GET /api/v1/inventory/products/ HTTP/1.1" 200 2245
INFO 2026-06-02 06:10:53,954 basehttp "GET /api/v1/inventory/products/barcode/6200010000029/ HTTP/1.1" 200 548
INFO 2026-06-02 06:10:53,954 basehttp "GET /api/v1/inventory/products/barcode/6200010000029/ HTTP/1.1" 200 548
INFO 2026-06-02 06:11:00,796 basehttp "GET /api/v1/sales/customers/ HTTP/1.1" 200 2392
INFO 2026-06-02 06:11:00,796 basehttp "GET /api/v1/sales/customers/ HTTP/1.1" 200 2392
INFO 2026-06-02 06:11:00,857 basehttp "GET /api/v1/inventory/products/ HTTP/1.1" 200 2245
INFO 2026-06-02 06:11:00,857 basehttp "GET /api/v1/inventory/products/ HTTP/1.1" 200 2245
INFO 2026-06-02 06:11:00,891 basehttp "GET /api/v1/sales/customers/ HTTP/1.1" 200 2392
INFO 2026-06-02 06:11:00,891 basehttp "GET /api/v1/sales/customers/ HTTP/1.1" 200 2392
INFO 2026-06-02 06:11:00,982 basehttp "GET /api/v1/inventory/products/ HTTP/1.1" 200 2245
INFO 2026-06-02 06:11:00,982 basehttp "GET /api/v1/inventory/products/ HTTP/1.1" 200 2245
INFO 2026-06-02 06:11:08,636 basehttp "OPTIONS /api/v1/sales/sales/process/ HTTP/1.1" 200 0
INFO 2026-06-02 06:11:08,636 basehttp "OPTIONS /api/v1/sales/sales/process/ HTTP/1.1" 200 0
INFO 2026-06-02 06:11:08,717 basehttp "POST /api/v1/sales/sales/process/ HTTP/1.1" 201 1026
INFO 2026-06-02 06:11:08,717 basehttp "POST /api/v1/sales/sales/process/ HTTP/1.1" 201 1026
INFO 2026-06-02 06:11:08,835 basehttp "GET /api/v1/sales/customers/ HTTP/1.1" 200 2392
INFO 2026-06-02 06:11:08,835 basehttp "GET /api/v1/sales/customers/ HTTP/1.1" 200 2392
INFO 2026-06-02 06:11:08,839 basehttp "GET /api/v1/inventory/products/ HTTP/1.1" 200 2245
INFO 2026-06-02 06:11:08,839 basehttp "GET /api/v1/inventory/products/ HTTP/1.1" 200 2245
INFO 2026-06-02 06:11:35,863 basehttp "GET /api/v1/bi/dashboard/available-months/ HTTP/1.1" 200 177
INFO 2026-06-02 06:11:35,863 basehttp "GET /api/v1/bi/dashboard/available-months/ HTTP/1.1" 200 177
INFO 2026-06-02 06:11:35,967 basehttp "GET /api/v1/bi/dashboard/alerts/ HTTP/1.1" 200 23
INFO 2026-06-02 06:11:35,967 basehttp "GET /api/v1/bi/dashboard/alerts/ HTTP/1.1" 200 23
INFO 2026-06-02 06:11:36,065 basehttp "GET /api/v1/bi/dashboard/available-months/ HTTP/1.1" 200 177
INFO 2026-06-02 06:11:36,065 basehttp "GET /api/v1/bi/dashboard/available-months/ HTTP/1.1" 200 177
INFO 2026-06-02 06:11:36,068 basehttp "GET /api/v1/bi/dashboard/?month=2026-06 HTTP/1.1" 200 902
INFO 2026-06-02 06:11:36,068 basehttp "GET /api/v1/bi/dashboard/?month=2026-06 HTTP/1.1" 200 902
INFO 2026-06-02 06:11:36,167 basehttp "GET /api/v1/bi/dashboard/trends/?days=30 HTTP/1.1" 200 1171
INFO 2026-06-02 06:11:36,167 basehttp "GET /api/v1/bi/dashboard/trends/?days=30 HTTP/1.1" 200 1171
INFO 2026-06-02 06:11:55,665 basehttp "OPTIONS /api/v1/bi/dashboard/?month=2026-05 HTTP/1.1" 200 0
INFO 2026-06-02 06:11:55,665 basehttp "OPTIONS /api/v1/bi/dashboard/?month=2026-05 HTTP/1.1" 200 0
INFO 2026-06-02 06:11:55,686 basehttp "GET /api/v1/bi/dashboard/alerts/ HTTP/1.1" 200 23
INFO 2026-06-02 06:11:55,686 basehttp "GET /api/v1/bi/dashboard/alerts/ HTTP/1.1" 200 23
INFO 2026-06-02 06:11:55,827 basehttp "GET /api/v1/bi/dashboard/?month=2026-05 HTTP/1.1" 200 896
INFO 2026-06-02 06:11:55,827 basehttp "GET /api/v1/bi/dashboard/?month=2026-05 HTTP/1.1" 200 896
INFO 2026-06-02 06:11:55,898 basehttp "GET /api/v1/bi/dashboard/trends/?days=30 HTTP/1.1" 200 1171
INFO 2026-06-02 06:11:55,898 basehttp "GET /api/v1/bi/dashboard/trends/?days=30 HTTP/1.1" 200 1171
INFO 2026-06-02 06:11:59,808 basehttp "GET /api/v1/bi/dashboard/alerts/ HTTP/1.1" 200 23
INFO 2026-06-02 06:11:59,808 basehttp "GET /api/v1/bi/dashboard/alerts/ HTTP/1.1" 200 23
INFO 2026-06-02 06:11:59,915 basehttp "GET /api/v1/bi/dashboard/?month=2026-06 HTTP/1.1" 200 902
INFO 2026-06-02 06:11:59,915 basehttp "GET /api/v1/bi/dashboard/?month=2026-06 HTTP/1.1" 200 902
INFO 2026-06-02 06:11:59,964 basehttp "GET /api/v1/bi/dashboard/trends/?days=30 HTTP/1.1" 200 1171
INFO 2026-06-02 06:11:59,964 basehttp "GET /api/v1/bi/dashboard/trends/?days=30 HTTP/1.1" 200 1171
INFO 2026-06-02 06:12:09,752 basehttp "OPTIONS /api/v1/financials/invoices/?page=1&page_size=20&status=&start_date=&end_date= HTTP/1.1" 200 0
INFO 2026-06-02 06:12:09,752 basehttp "OPTIONS /api/v1/financials/invoices/?page=1&page_size=20&status=&start_date=&end_date= HTTP/1.1" 200 0
INFO 2026-06-02 06:12:09,760 basehttp "OPTIONS /api/v1/financials/invoices/?page=1&page_size=20&status=&start_date=&end_date= HTTP/1.1" 200 0
INFO 2026-06-02 06:12:09,760 basehttp "OPTIONS /api/v1/financials/invoices/?page=1&page_size=20&status=&start_date=&end_date= HTTP/1.1" 200 0
INFO 2026-06-02 06:12:09,910 basehttp "GET /api/v1/sales/customers/ HTTP/1.1" 200 2392
INFO 2026-06-02 06:12:09,923 basehttp "GET /api/v1/inventory/products/ HTTP/1.1" 200 2245
INFO 2026-06-02 06:12:09,923 basehttp "GET /api/v1/inventory/products/ HTTP/1.1" 200 2245
INFO 2026-06-02 06:12:09,910 basehttp "GET /api/v1/sales/customers/ HTTP/1.1" 200 2392
INFO 2026-06-02 06:12:09,967 basehttp "GET /api/v1/financials/invoices/?page=1&page_size=20&status=&start_date=&end_date= HTTP/1.1" 200 3624
INFO 2026-06-02 06:12:09,967 basehttp "GET /api/v1/financials/invoices/?page=1&page_size=20&status=&start_date=&end_date= HTTP/1.1" 200 3624
INFO 2026-06-02 06:12:10,055 basehttp "GET /api/v1/inventory/products/ HTTP/1.1" 200 2245
INFO 2026-06-02 06:12:10,055 basehttp "GET /api/v1/inventory/products/ HTTP/1.1" 200 2245
INFO 2026-06-02 06:12:10,140 basehttp "GET /api/v1/financials/invoices/?page=1&page_size=20&status=&start_date=&end_date= HTTP/1.1" 200 3624
INFO 2026-06-02 06:12:10,140 basehttp "GET /api/v1/financials/invoices/?page=1&page_size=20&status=&start_date=&end_date= HTTP/1.1" 200 3624
INFO 2026-06-02 06:12:10,161 basehttp "GET /api/v1/sales/customers/ HTTP/1.1" 200 2392
INFO 2026-06-02 06:12:10,161 basehttp "GET /api/v1/sales/customers/ HTTP/1.1" 200 2392
INFO 2026-06-02 06:12:19,261 basehttp "OPTIONS /api/v1/financials/invoices/10/pay/ HTTP/1.1" 200 0
INFO 2026-06-02 06:12:19,261 basehttp "OPTIONS /api/v1/financials/invoices/10/pay/ HTTP/1.1" 200 0
INFO 2026-06-02 06:12:19,302 basehttp "POST /api/v1/financials/invoices/10/pay/ HTTP/1.1" 200 43
INFO 2026-06-02 06:12:19,302 basehttp "POST /api/v1/financials/invoices/10/pay/ HTTP/1.1" 200 43
INFO 2026-06-02 06:12:19,482 basehttp "GET /api/v1/sales/customers/ HTTP/1.1" 200 2392
INFO 2026-06-02 06:12:19,482 basehttp "GET /api/v1/sales/customers/ HTTP/1.1" 200 2392
INFO 2026-06-02 06:12:19,531 basehttp "GET /api/v1/financials/invoices/?page=1&page_size=20&status=&start_date=&end_date= HTTP/1.1" 200 3631
INFO 2026-06-02 06:12:19,531 basehttp "GET /api/v1/financials/invoices/?page=1&page_size=20&status=&start_date=&end_date= HTTP/1.1" 200 3631
INFO 2026-06-02 06:12:19,562 basehttp "GET /api/v1/inventory/products/ HTTP/1.1" 200 2245
INFO 2026-06-02 06:12:19,562 basehttp "GET /api/v1/inventory/products/ HTTP/1.1" 200 2245
INFO 2026-06-02 06:12:26,643 basehttp "GET /api/v1/bi/dashboard/available-months/ HTTP/1.1" 200 177
INFO 2026-06-02 06:12:26,643 basehttp "GET /api/v1/bi/dashboard/available-months/ HTTP/1.1" 200 177
INFO 2026-06-02 06:12:26,757 basehttp "GET /api/v1/bi/dashboard/alerts/ HTTP/1.1" 200 23
INFO 2026-06-02 06:12:26,757 basehttp "GET /api/v1/bi/dashboard/alerts/ HTTP/1.1" 200 23
INFO 2026-06-02 06:12:26,787 basehttp "GET /api/v1/bi/dashboard/available-months/ HTTP/1.1" 200 177
INFO 2026-06-02 06:12:26,787 basehttp "GET /api/v1/bi/dashboard/available-months/ HTTP/1.1" 200 177
INFO 2026-06-02 06:12:26,882 basehttp "GET /api/v1/bi/dashboard/?month=2026-06 HTTP/1.1" 200 901
INFO 2026-06-02 06:12:26,882 basehttp "GET /api/v1/bi/dashboard/?month=2026-06 HTTP/1.1" 200 901
INFO 2026-06-02 06:12:26,997 basehttp "GET /api/v1/bi/dashboard/trends/?days=30 HTTP/1.1" 200 1172
INFO 2026-06-02 06:12:26,997 basehttp "GET /api/v1/bi/dashboard/trends/?days=30 HTTP/1.1" 200 1172
INFO 2026-06-02 06:12:48,704 basehttp "GET /api/v1/financials/petty-cash/?start_date=2026-06-02&end_date=2026-06-02&page_size=100 HTTP/1.1" 200 263
INFO 2026-06-02 06:12:48,704 basehttp "GET /api/v1/financials/petty-cash/?start_date=2026-06-02&end_date=2026-06-02&page_size=100 HTTP/1.1" 200 263
INFO 2026-06-02 06:12:48,781 basehttp "GET /api/v1/financials/transactions/?start_date=2026-06-02&end_date=2026-06-02&page_size=100 HTTP/1.1" 200 4560
INFO 2026-06-02 06:12:48,781 basehttp "GET /api/v1/financials/transactions/?start_date=2026-06-02&end_date=2026-06-02&page_size=100 HTTP/1.1" 200 4560
INFO 2026-06-02 06:12:48,803 basehttp "GET /api/v1/sales/sales/?start_date=2026-06-02&end_date=2026-06-02&page_size=100 HTTP/1.1" 200 807
INFO 2026-06-02 06:12:48,803 basehttp "GET /api/v1/sales/sales/?start_date=2026-06-02&end_date=2026-06-02&page_size=100 HTTP/1.1" 200 807
INFO 2026-06-02 06:12:48,822 basehttp "GET /api/v1/hr/payroll/ HTTP/1.1" 200 4108
INFO 2026-06-02 06:12:48,822 basehttp "GET /api/v1/hr/payroll/ HTTP/1.1" 200 4108
INFO 2026-06-02 06:12:48,935 basehttp "GET /api/v1/financials/petty-cash/?start_date=2026-06-02&end_date=2026-06-02&page_size=100 HTTP/1.1" 200 263
INFO 2026-06-02 06:12:48,935 basehttp "GET /api/v1/financials/petty-cash/?start_date=2026-06-02&end_date=2026-06-02&page_size=100 HTTP/1.1" 200 263
INFO 2026-06-02 06:12:48,958 basehttp "GET /api/v1/financials/transactions/?start_date=2026-06-02&end_date=2026-06-02&page_size=100 HTTP/1.1" 200 4560
INFO 2026-06-02 06:12:48,958 basehttp "GET /api/v1/financials/transactions/?start_date=2026-06-02&end_date=2026-06-02&page_size=100 HTTP/1.1" 200 4560
INFO 2026-06-02 06:12:49,044 basehttp "GET /api/v1/financials/invoices/?status=paid&start_date=2026-06-02&end_date=2026-06-02&page_size=100 HTTP/1.1" 200 3631
INFO 2026-06-02 06:12:49,044 basehttp "GET /api/v1/financials/invoices/?status=paid&start_date=2026-06-02&end_date=2026-06-02&page_size=100 HTTP/1.1" 200 3631
INFO 2026-06-02 06:12:49,062 basehttp "GET /api/v1/sales/sales/?start_date=2026-06-02&end_date=2026-06-02&page_size=100 HTTP/1.1" 200 807
INFO 2026-06-02 06:12:49,062 basehttp "GET /api/v1/sales/sales/?start_date=2026-06-02&end_date=2026-06-02&page_size=100 HTTP/1.1" 200 807
INFO 2026-06-02 06:12:49,143 basehttp "GET /api/v1/hr/payroll/ HTTP/1.1" 200 4108
INFO 2026-06-02 06:12:49,143 basehttp "GET /api/v1/hr/payroll/ HTTP/1.1" 200 4108
INFO 2026-06-02 06:12:49,260 basehttp "GET /api/v1/financials/invoices/?status=paid&start_date=2026-06-02&end_date=2026-06-02&page_size=100 HTTP/1.1" 200 3631
INFO 2026-06-02 06:12:49,260 basehttp "GET /api/v1/financials/invoices/?status=paid&start_date=2026-06-02&end_date=2026-06-02&page_size=100 HTTP/1.1" 200 3631
INFO 2026-06-02 06:13:17,874 basehttp "OPTIONS /api/v1/financials/transactions/?page=1&page_size=20 HTTP/1.1" 200 0
INFO 2026-06-02 06:13:17,874 basehttp "OPTIONS /api/v1/financials/transactions/?page=1&page_size=20 HTTP/1.1" 200 0
INFO 2026-06-02 06:13:17,895 basehttp "OPTIONS /api/v1/financials/transactions/?page=1&page_size=20 HTTP/1.1" 200 0
INFO 2026-06-02 06:13:17,895 basehttp "OPTIONS /api/v1/financials/transactions/?page=1&page_size=20 HTTP/1.1" 200 0
INFO 2026-06-02 06:13:17,965 basehttp "GET /api/v1/financials/transactions/?page=1&page_size=20 HTTP/1.1" 200 4517
INFO 2026-06-02 06:13:17,965 basehttp "GET /api/v1/financials/transactions/?page=1&page_size=20 HTTP/1.1" 200 4517
INFO 2026-06-02 06:13:18,107 basehttp "GET /api/v1/financials/transactions/?page=1&page_size=20 HTTP/1.1" 200 4517
INFO 2026-06-02 06:13:18,107 basehttp "GET /api/v1/financials/transactions/?page=1&page_size=20 HTTP/1.1" 200 4517
