INFO 2026-05-31 07:52:56,537 autoreload Watching for file changes with StatReloader
INFO 2026-05-31 07:52:56,537 autoreload Watching for file changes with StatReloader
INFO 2026-05-31 07:54:01,199 basehttp "OPTIONS /api/v1/auth/login/ HTTP/1.1" 200 0
INFO 2026-05-31 07:54:01,199 basehttp "OPTIONS /api/v1/auth/login/ HTTP/1.1" 200 0
INFO 2026-05-31 07:54:02,618 basehttp "POST /api/v1/auth/login/ HTTP/1.1" 200 808
INFO 2026-05-31 07:54:02,618 basehttp "POST /api/v1/auth/login/ HTTP/1.1" 200 808
INFO 2026-05-31 07:54:08,611 basehttp "OPTIONS /api/v1/sales/sales/?start_date=2026-05-31&end_date=2026-05-31&page_size=100 HTTP/1.1" 200 0
INFO 2026-05-31 07:54:08,611 basehttp "OPTIONS /api/v1/sales/sales/?start_date=2026-05-31&end_date=2026-05-31&page_size=100 HTTP/1.1" 200 0
INFO 2026-05-31 07:54:08,621 basehttp "OPTIONS /api/v1/financials/transactions/?start_date=2026-05-31&end_date=2026-05-31&page_size=100 HTTP/1.1" 200 0
INFO 2026-05-31 07:54:08,621 basehttp "OPTIONS /api/v1/financials/transactions/?start_date=2026-05-31&end_date=2026-05-31&page_size=100 HTTP/1.1" 200 0
INFO 2026-05-31 07:54:08,637 basehttp "OPTIONS /api/v1/financials/petty-cash/?start_date=2026-05-31&end_date=2026-05-31&page_size=100 HTTP/1.1" 200 0
INFO 2026-05-31 07:54:08,637 basehttp "OPTIONS /api/v1/financials/petty-cash/?start_date=2026-05-31&end_date=2026-05-31&page_size=100 HTTP/1.1" 200 0
INFO 2026-05-31 07:54:08,643 basehttp "OPTIONS /api/v1/hr/payroll/ HTTP/1.1" 200 0
INFO 2026-05-31 07:54:08,643 basehttp "OPTIONS /api/v1/hr/payroll/ HTTP/1.1" 200 0
INFO 2026-05-31 07:54:08,669 basehttp "OPTIONS /api/v1/hr/payroll/ HTTP/1.1" 200 0
INFO 2026-05-31 07:54:08,669 basehttp "OPTIONS /api/v1/hr/payroll/ HTTP/1.1" 200 0
INFO 2026-05-31 07:54:08,679 basehttp "OPTIONS /api/v1/financials/petty-cash/?start_date=2026-05-31&end_date=2026-05-31&page_size=100 HTTP/1.1" 200 0
INFO 2026-05-31 07:54:08,679 basehttp "OPTIONS /api/v1/financials/petty-cash/?start_date=2026-05-31&end_date=2026-05-31&page_size=100 HTTP/1.1" 200 0
INFO 2026-05-31 07:54:08,926 basehttp "GET /api/v1/financials/transactions/?start_date=2026-05-31&end_date=2026-05-31&page_size=100 HTTP/1.1" 200 4583
INFO 2026-05-31 07:54:08,927 basehttp "GET /api/v1/sales/sales/?start_date=2026-05-31&end_date=2026-05-31&page_size=100 HTTP/1.1" 200 52
INFO 2026-05-31 07:54:08,926 basehttp "GET /api/v1/financials/transactions/?start_date=2026-05-31&end_date=2026-05-31&page_size=100 HTTP/1.1" 200 4583
INFO 2026-05-31 07:54:08,927 basehttp "GET /api/v1/sales/sales/?start_date=2026-05-31&end_date=2026-05-31&page_size=100 HTTP/1.1" 200 52
INFO 2026-05-31 07:54:08,990 basehttp "GET /api/v1/sales/sales/?start_date=2026-05-31&end_date=2026-05-31&page_size=100 HTTP/1.1" 200 52
INFO 2026-05-31 07:54:08,990 basehttp "GET /api/v1/sales/sales/?start_date=2026-05-31&end_date=2026-05-31&page_size=100 HTTP/1.1" 200 52
INFO 2026-05-31 07:54:08,996 basehttp "GET /api/v1/financials/petty-cash/?start_date=2026-05-31&end_date=2026-05-31&page_size=100 HTTP/1.1" 200 263
INFO 2026-05-31 07:54:08,996 basehttp "GET /api/v1/financials/petty-cash/?start_date=2026-05-31&end_date=2026-05-31&page_size=100 HTTP/1.1" 200 263
INFO 2026-05-31 07:54:09,031 basehttp "GET /api/v1/financials/transactions/?start_date=2026-05-31&end_date=2026-05-31&page_size=100 HTTP/1.1" 200 4583
INFO 2026-05-31 07:54:09,031 basehttp "GET /api/v1/financials/transactions/?start_date=2026-05-31&end_date=2026-05-31&page_size=100 HTTP/1.1" 200 4583
INFO 2026-05-31 07:54:09,060 basehttp "GET /api/v1/hr/payroll/ HTTP/1.1" 200 4108
INFO 2026-05-31 07:54:09,080 basehttp "GET /api/v1/financials/petty-cash/?start_date=2026-05-31&end_date=2026-05-31&page_size=100 HTTP/1.1" 200 263
INFO 2026-05-31 07:54:09,060 basehttp "GET /api/v1/hr/payroll/ HTTP/1.1" 200 4108
INFO 2026-05-31 07:54:09,080 basehttp "GET /api/v1/financials/petty-cash/?start_date=2026-05-31&end_date=2026-05-31&page_size=100 HTTP/1.1" 200 263
INFO 2026-05-31 07:54:09,099 basehttp "OPTIONS /api/v1/financials/invoices/?status=paid&start_date=2026-05-31&end_date=2026-05-31&page_size=100 HTTP/1.1" 200 0
INFO 2026-05-31 07:54:09,099 basehttp "OPTIONS /api/v1/financials/invoices/?status=paid&start_date=2026-05-31&end_date=2026-05-31&page_size=100 HTTP/1.1" 200 0
INFO 2026-05-31 07:54:09,236 basehttp "GET /api/v1/hr/payroll/ HTTP/1.1" 200 4108
INFO 2026-05-31 07:54:09,236 basehttp "GET /api/v1/hr/payroll/ HTTP/1.1" 200 4108
INFO 2026-05-31 07:54:09,250 basehttp "GET /api/v1/financials/invoices/?status=paid&start_date=2026-05-31&end_date=2026-05-31&page_size=100 HTTP/1.1" 200 3624
INFO 2026-05-31 07:54:09,250 basehttp "GET /api/v1/financials/invoices/?status=paid&start_date=2026-05-31&end_date=2026-05-31&page_size=100 HTTP/1.1" 200 3624
INFO 2026-05-31 07:54:09,316 basehttp "GET /api/v1/financials/invoices/?status=paid&start_date=2026-05-31&end_date=2026-05-31&page_size=100 HTTP/1.1" 200 3624
INFO 2026-05-31 07:54:09,316 basehttp "GET /api/v1/financials/invoices/?status=paid&start_date=2026-05-31&end_date=2026-05-31&page_size=100 HTTP/1.1" 200 3624
INFO 2026-05-31 07:54:29,175 basehttp "OPTIONS /api/v1/inventory/stock/movements/ HTTP/1.1" 200 0
INFO 2026-05-31 07:54:29,175 basehttp "OPTIONS /api/v1/inventory/products/ HTTP/1.1" 200 0
INFO 2026-05-31 07:54:29,175 basehttp "OPTIONS /api/v1/inventory/products/ HTTP/1.1" 200 0
INFO 2026-05-31 07:54:29,175 basehttp "OPTIONS /api/v1/inventory/stock/movements/ HTTP/1.1" 200 0
INFO 2026-05-31 07:54:29,304 basehttp "GET /api/v1/inventory/products/ HTTP/1.1" 200 2245
INFO 2026-05-31 07:54:29,304 basehttp "GET /api/v1/inventory/products/ HTTP/1.1" 200 2245
INFO 2026-05-31 07:54:29,377 basehttp "GET /api/v1/inventory/stock/movements/ HTTP/1.1" 200 4094
INFO 2026-05-31 07:54:29,377 basehttp "GET /api/v1/inventory/stock/movements/ HTTP/1.1" 200 4094
INFO 2026-05-31 07:54:29,427 basehttp "GET /api/v1/inventory/products/ HTTP/1.1" 200 2245
INFO 2026-05-31 07:54:29,427 basehttp "GET /api/v1/inventory/products/ HTTP/1.1" 200 2245
INFO 2026-05-31 07:54:29,515 basehttp "GET /api/v1/inventory/stock/movements/ HTTP/1.1" 200 4094
INFO 2026-05-31 07:54:29,515 basehttp "GET /api/v1/inventory/stock/movements/ HTTP/1.1" 200 4094
INFO 2026-05-31 07:54:38,167 basehttp "OPTIONS /api/v1/inventory/categories/ HTTP/1.1" 200 0
INFO 2026-05-31 07:54:38,168 basehttp "OPTIONS /api/v1/inventory/suppliers/ HTTP/1.1" 200 0
INFO 2026-05-31 07:54:38,168 basehttp "OPTIONS /api/v1/inventory/categories/ HTTP/1.1" 200 0
INFO 2026-05-31 07:54:38,167 basehttp "OPTIONS /api/v1/inventory/categories/ HTTP/1.1" 200 0
INFO 2026-05-31 07:54:38,168 basehttp "OPTIONS /api/v1/inventory/suppliers/ HTTP/1.1" 200 0
INFO 2026-05-31 07:54:38,168 basehttp "OPTIONS /api/v1/inventory/categories/ HTTP/1.1" 200 0
INFO 2026-05-31 07:54:38,185 basehttp "OPTIONS /api/v1/inventory/suppliers/ HTTP/1.1" 200 0
INFO 2026-05-31 07:54:38,185 basehttp "OPTIONS /api/v1/inventory/suppliers/ HTTP/1.1" 200 0
INFO 2026-05-31 07:54:38,299 basehttp "GET /api/v1/inventory/products/ HTTP/1.1" 200 2245
INFO 2026-05-31 07:54:38,303 basehttp "GET /api/v1/inventory/categories/ HTTP/1.1" 200 454
INFO 2026-05-31 07:54:38,314 basehttp "GET /api/v1/inventory/suppliers/ HTTP/1.1" 200 532
INFO 2026-05-31 07:54:38,299 basehttp "GET /api/v1/inventory/products/ HTTP/1.1" 200 2245
INFO 2026-05-31 07:54:38,303 basehttp "GET /api/v1/inventory/categories/ HTTP/1.1" 200 454
INFO 2026-05-31 07:54:38,314 basehttp "GET /api/v1/inventory/suppliers/ HTTP/1.1" 200 532
INFO 2026-05-31 07:54:38,410 basehttp "GET /api/v1/inventory/products/ HTTP/1.1" 200 2245
INFO 2026-05-31 07:54:38,410 basehttp "GET /api/v1/inventory/products/ HTTP/1.1" 200 2245
INFO 2026-05-31 07:54:38,432 basehttp "GET /api/v1/inventory/categories/ HTTP/1.1" 200 454
INFO 2026-05-31 07:54:38,432 basehttp "GET /api/v1/inventory/categories/ HTTP/1.1" 200 454
INFO 2026-05-31 07:54:38,446 basehttp "GET /api/v1/inventory/suppliers/ HTTP/1.1" 200 532
INFO 2026-05-31 07:54:38,446 basehttp "GET /api/v1/inventory/suppliers/ HTTP/1.1" 200 532
INFO 2026-05-31 08:00:13,320 basehttp "GET /api/v1/inventory/products/ HTTP/1.1" 200 2245
INFO 2026-05-31 08:00:13,320 basehttp "GET /api/v1/inventory/products/ HTTP/1.1" 200 2245
INFO 2026-05-31 08:00:13,357 basehttp "GET /api/v1/inventory/stock/movements/ HTTP/1.1" 200 4094
INFO 2026-05-31 08:00:13,357 basehttp "GET /api/v1/inventory/stock/movements/ HTTP/1.1" 200 4094
INFO 2026-05-31 08:00:13,425 basehttp "GET /api/v1/inventory/products/ HTTP/1.1" 200 2245
INFO 2026-05-31 08:00:13,425 basehttp "GET /api/v1/inventory/products/ HTTP/1.1" 200 2245
INFO 2026-05-31 08:00:13,473 basehttp "GET /api/v1/inventory/stock/movements/ HTTP/1.1" 200 4094
INFO 2026-05-31 08:00:13,473 basehttp "GET /api/v1/inventory/stock/movements/ HTTP/1.1" 200 4094
