ERROR 2026-06-01 09:56:25,456 log Internal Server Error: /api/v1/financials/budgets/4/vs-actual/
Traceback (most recent call last):
  File "/Users/j/Desktop/BizSMART/Backend/biz/lib/python3.8/site-packages/django/core/handlers/exception.py", line 55, in inner
    response = get_response(request)
  File "/Users/j/Desktop/BizSMART/Backend/biz/lib/python3.8/site-packages/django/core/handlers/base.py", line 197, in _get_response
    response = wrapped_callback(request, *callback_args, **callback_kwargs)
  File "/Users/j/Desktop/BizSMART/Backend/biz/lib/python3.8/site-packages/django/views/decorators/csrf.py", line 56, in wrapper_view
    return view_func(*args, **kwargs)
  File "/Users/j/Desktop/BizSMART/Backend/biz/lib/python3.8/site-packages/django/views/generic/base.py", line 105, in view
    return self.dispatch(request, *args, **kwargs)
  File "/Users/j/Desktop/BizSMART/Backend/biz/lib/python3.8/site-packages/rest_framework/views.py", line 509, in dispatch
    response = self.handle_exception(exc)
  File "/Users/j/Desktop/BizSMART/Backend/biz/lib/python3.8/site-packages/rest_framework/views.py", line 469, in handle_exception
    self.raise_uncaught_exception(exc)
  File "/Users/j/Desktop/BizSMART/Backend/biz/lib/python3.8/site-packages/rest_framework/views.py", line 480, in raise_uncaught_exception
    raise exc
  File "/Users/j/Desktop/BizSMART/Backend/biz/lib/python3.8/site-packages/rest_framework/views.py", line 506, in dispatch
    response = handler(request, *args, **kwargs)
  File "/Users/j/Desktop/BizSMART/Backend/financials/views.py", line 565, in get
    budget_data = serializer.data
  File "/Users/j/Desktop/BizSMART/Backend/biz/lib/python3.8/site-packages/rest_framework/serializers.py", line 571, in data
    ret = super().data
  File "/Users/j/Desktop/BizSMART/Backend/biz/lib/python3.8/site-packages/rest_framework/serializers.py", line 249, in data
    self._data = self.to_representation(self.instance)
  File "/Users/j/Desktop/BizSMART/Backend/biz/lib/python3.8/site-packages/rest_framework/serializers.py", line 538, in to_representation
    ret[field.field_name] = field.to_representation(attribute)
  File "/Users/j/Desktop/BizSMART/Backend/biz/lib/python3.8/site-packages/rest_framework/serializers.py", line 713, in to_representation
    return [
  File "/Users/j/Desktop/BizSMART/Backend/biz/lib/python3.8/site-packages/rest_framework/serializers.py", line 714, in <listcomp>
    self.child.to_representation(item) for item in iterable
  File "/Users/j/Desktop/BizSMART/Backend/biz/lib/python3.8/site-packages/rest_framework/serializers.py", line 538, in to_representation
    ret[field.field_name] = field.to_representation(attribute)
  File "/Users/j/Desktop/BizSMART/Backend/biz/lib/python3.8/site-packages/rest_framework/fields.py", line 1870, in to_representation
    return method(value)
  File "/Users/j/Desktop/BizSMART/Backend/financials/serializers.py", line 118, in get_variance
    return float(actual - obj.planned_amount)
TypeError: unsupported operand type(s) for -: 'float' and 'decimal.Decimal'
ERROR 2026-06-01 09:56:25,500 basehttp "GET /api/v1/financials/budgets/4/vs-actual/ HTTP/1.1" 500 153145
ERROR 2026-06-01 10:00:05,130 log Internal Server Error: /api/v1/financials/budgets/4/
Traceback (most recent call last):
  File "/Users/j/Desktop/BizSMART/Backend/biz/lib/python3.8/site-packages/django/core/handlers/exception.py", line 55, in inner
    response = get_response(request)
  File "/Users/j/Desktop/BizSMART/Backend/biz/lib/python3.8/site-packages/django/core/handlers/base.py", line 197, in _get_response
    response = wrapped_callback(request, *callback_args, **callback_kwargs)
  File "/Users/j/Desktop/BizSMART/Backend/biz/lib/python3.8/site-packages/django/views/decorators/csrf.py", line 56, in wrapper_view
    return view_func(*args, **kwargs)
  File "/Users/j/Desktop/BizSMART/Backend/biz/lib/python3.8/site-packages/django/views/generic/base.py", line 105, in view
    return self.dispatch(request, *args, **kwargs)
  File "/Users/j/Desktop/BizSMART/Backend/biz/lib/python3.8/site-packages/rest_framework/views.py", line 509, in dispatch
    response = self.handle_exception(exc)
  File "/Users/j/Desktop/BizSMART/Backend/biz/lib/python3.8/site-packages/rest_framework/views.py", line 469, in handle_exception
    self.raise_uncaught_exception(exc)
  File "/Users/j/Desktop/BizSMART/Backend/biz/lib/python3.8/site-packages/rest_framework/views.py", line 480, in raise_uncaught_exception
    raise exc
  File "/Users/j/Desktop/BizSMART/Backend/biz/lib/python3.8/site-packages/rest_framework/views.py", line 506, in dispatch
    response = handler(request, *args, **kwargs)
  File "/Users/j/Desktop/BizSMART/Backend/biz/lib/python3.8/site-packages/rest_framework/generics.py", line 286, in get
    return self.retrieve(request, *args, **kwargs)
  File "/Users/j/Desktop/BizSMART/Backend/biz/lib/python3.8/site-packages/rest_framework/mixins.py", line 56, in retrieve
    return Response(serializer.data)
  File "/Users/j/Desktop/BizSMART/Backend/biz/lib/python3.8/site-packages/rest_framework/serializers.py", line 571, in data
    ret = super().data
  File "/Users/j/Desktop/BizSMART/Backend/biz/lib/python3.8/site-packages/rest_framework/serializers.py", line 249, in data
    self._data = self.to_representation(self.instance)
  File "/Users/j/Desktop/BizSMART/Backend/biz/lib/python3.8/site-packages/rest_framework/serializers.py", line 538, in to_representation
    ret[field.field_name] = field.to_representation(attribute)
  File "/Users/j/Desktop/BizSMART/Backend/biz/lib/python3.8/site-packages/rest_framework/serializers.py", line 713, in to_representation
    return [
  File "/Users/j/Desktop/BizSMART/Backend/biz/lib/python3.8/site-packages/rest_framework/serializers.py", line 714, in <listcomp>
    self.child.to_representation(item) for item in iterable
  File "/Users/j/Desktop/BizSMART/Backend/biz/lib/python3.8/site-packages/rest_framework/serializers.py", line 538, in to_representation
    ret[field.field_name] = field.to_representation(attribute)
  File "/Users/j/Desktop/BizSMART/Backend/biz/lib/python3.8/site-packages/rest_framework/fields.py", line 1870, in to_representation
    return method(value)
  File "/Users/j/Desktop/BizSMART/Backend/financials/serializers.py", line 118, in get_variance
    return float(actual - obj.planned_amount)
TypeError: unsupported operand type(s) for -: 'float' and 'decimal.Decimal'
ERROR 2026-06-01 10:00:05,162 basehttp "GET /api/v1/financials/budgets/4/ HTTP/1.1" 500 22878
ERROR 2026-06-01 10:00:46,644 log Internal Server Error: /api/v1/financials/budgets/6/
Traceback (most recent call last):
  File "/Users/j/Desktop/BizSMART/Backend/biz/lib/python3.8/site-packages/django/core/handlers/exception.py", line 55, in inner
    response = get_response(request)
  File "/Users/j/Desktop/BizSMART/Backend/biz/lib/python3.8/site-packages/django/core/handlers/base.py", line 197, in _get_response
    response = wrapped_callback(request, *callback_args, **callback_kwargs)
  File "/Users/j/Desktop/BizSMART/Backend/biz/lib/python3.8/site-packages/django/views/decorators/csrf.py", line 56, in wrapper_view
    return view_func(*args, **kwargs)
  File "/Users/j/Desktop/BizSMART/Backend/biz/lib/python3.8/site-packages/django/views/generic/base.py", line 105, in view
    return self.dispatch(request, *args, **kwargs)
  File "/Users/j/Desktop/BizSMART/Backend/biz/lib/python3.8/site-packages/rest_framework/views.py", line 509, in dispatch
    response = self.handle_exception(exc)
  File "/Users/j/Desktop/BizSMART/Backend/biz/lib/python3.8/site-packages/rest_framework/views.py", line 469, in handle_exception
    self.raise_uncaught_exception(exc)
  File "/Users/j/Desktop/BizSMART/Backend/biz/lib/python3.8/site-packages/rest_framework/views.py", line 480, in raise_uncaught_exception
    raise exc
  File "/Users/j/Desktop/BizSMART/Backend/biz/lib/python3.8/site-packages/rest_framework/views.py", line 506, in dispatch
    response = handler(request, *args, **kwargs)
  File "/Users/j/Desktop/BizSMART/Backend/biz/lib/python3.8/site-packages/rest_framework/generics.py", line 286, in get
    return self.retrieve(request, *args, **kwargs)
  File "/Users/j/Desktop/BizSMART/Backend/biz/lib/python3.8/site-packages/rest_framework/mixins.py", line 56, in retrieve
    return Response(serializer.data)
  File "/Users/j/Desktop/BizSMART/Backend/biz/lib/python3.8/site-packages/rest_framework/serializers.py", line 571, in data
    ret = super().data
  File "/Users/j/Desktop/BizSMART/Backend/biz/lib/python3.8/site-packages/rest_framework/serializers.py", line 249, in data
    self._data = self.to_representation(self.instance)
  File "/Users/j/Desktop/BizSMART/Backend/biz/lib/python3.8/site-packages/rest_framework/serializers.py", line 538, in to_representation
    ret[field.field_name] = field.to_representation(attribute)
  File "/Users/j/Desktop/BizSMART/Backend/biz/lib/python3.8/site-packages/rest_framework/serializers.py", line 713, in to_representation
    return [
  File "/Users/j/Desktop/BizSMART/Backend/biz/lib/python3.8/site-packages/rest_framework/serializers.py", line 714, in <listcomp>
    self.child.to_representation(item) for item in iterable
  File "/Users/j/Desktop/BizSMART/Backend/biz/lib/python3.8/site-packages/rest_framework/serializers.py", line 538, in to_representation
    ret[field.field_name] = field.to_representation(attribute)
  File "/Users/j/Desktop/BizSMART/Backend/biz/lib/python3.8/site-packages/rest_framework/fields.py", line 1870, in to_representation
    return method(value)
  File "/Users/j/Desktop/BizSMART/Backend/financials/serializers.py", line 118, in get_variance
    return float(actual - obj.planned_amount)
TypeError: unsupported operand type(s) for -: 'float' and 'decimal.Decimal'
ERROR 2026-06-01 10:00:46,647 basehttp "GET /api/v1/financials/budgets/6/ HTTP/1.1" 500 22878
ERROR 2026-06-01 10:13:56,211 log Internal Server Error: /api/v1/financials/budgets/1/
Traceback (most recent call last):
  File "/Users/j/Desktop/BizSMART/Backend/biz/lib/python3.8/site-packages/django/db/backends/utils.py", line 89, in _execute
    return self.cursor.execute(sql, params)
  File "/Users/j/Desktop/BizSMART/Backend/biz/lib/python3.8/site-packages/django/db/backends/sqlite3/base.py", line 328, in execute
    return super().execute(query, params)
sqlite3.IntegrityError: UNIQUE constraint failed: financials_budget.business_id, financials_budget.period, financials_budget.year, financials_budget.month, financials_budget.quarter

The above exception was the direct cause of the following exception:

Traceback (most recent call last):
  File "/Users/j/Desktop/BizSMART/Backend/biz/lib/python3.8/site-packages/django/core/handlers/exception.py", line 55, in inner
    response = get_response(request)
  File "/Users/j/Desktop/BizSMART/Backend/biz/lib/python3.8/site-packages/django/core/handlers/base.py", line 197, in _get_response
    response = wrapped_callback(request, *callback_args, **callback_kwargs)
  File "/Users/j/Desktop/BizSMART/Backend/biz/lib/python3.8/site-packages/django/views/decorators/csrf.py", line 56, in wrapper_view
    return view_func(*args, **kwargs)
  File "/Users/j/Desktop/BizSMART/Backend/biz/lib/python3.8/site-packages/django/views/generic/base.py", line 105, in view
    return self.dispatch(request, *args, **kwargs)
  File "/Users/j/Desktop/BizSMART/Backend/biz/lib/python3.8/site-packages/rest_framework/views.py", line 509, in dispatch
    response = self.handle_exception(exc)
  File "/Users/j/Desktop/BizSMART/Backend/biz/lib/python3.8/site-packages/rest_framework/views.py", line 469, in handle_exception
    self.raise_uncaught_exception(exc)
  File "/Users/j/Desktop/BizSMART/Backend/biz/lib/python3.8/site-packages/rest_framework/views.py", line 480, in raise_uncaught_exception
    raise exc
  File "/Users/j/Desktop/BizSMART/Backend/biz/lib/python3.8/site-packages/rest_framework/views.py", line 506, in dispatch
    response = handler(request, *args, **kwargs)
  File "/Users/j/Desktop/BizSMART/Backend/biz/lib/python3.8/site-packages/rest_framework/generics.py", line 292, in patch
    return self.partial_update(request, *args, **kwargs)
  File "/Users/j/Desktop/BizSMART/Backend/biz/lib/python3.8/site-packages/rest_framework/mixins.py", line 82, in partial_update
    return self.update(request, *args, **kwargs)
  File "/Users/j/Desktop/BizSMART/Backend/biz/lib/python3.8/site-packages/rest_framework/mixins.py", line 68, in update
    self.perform_update(serializer)
  File "/Users/j/Desktop/BizSMART/Backend/biz/lib/python3.8/site-packages/rest_framework/mixins.py", line 78, in perform_update
    serializer.save()
  File "/Users/j/Desktop/BizSMART/Backend/biz/lib/python3.8/site-packages/rest_framework/serializers.py", line 203, in save
    self.instance = self.update(self.instance, validated_data)
  File "/Users/j/Desktop/BizSMART/Backend/biz/lib/python3.8/site-packages/rest_framework/serializers.py", line 1033, in update
    instance.save()
  File "/Users/j/Desktop/BizSMART/Backend/biz/lib/python3.8/site-packages/django/db/models/base.py", line 814, in save
    self.save_base(
  File "/Users/j/Desktop/BizSMART/Backend/biz/lib/python3.8/site-packages/django/db/models/base.py", line 877, in save_base
    updated = self._save_table(
  File "/Users/j/Desktop/BizSMART/Backend/biz/lib/python3.8/site-packages/django/db/models/base.py", line 990, in _save_table
    updated = self._do_update(
  File "/Users/j/Desktop/BizSMART/Backend/biz/lib/python3.8/site-packages/django/db/models/base.py", line 1054, in _do_update
    return filtered._update(values) > 0
  File "/Users/j/Desktop/BizSMART/Backend/biz/lib/python3.8/site-packages/django/db/models/query.py", line 1233, in _update
    return query.get_compiler(self.db).execute_sql(CURSOR)
  File "/Users/j/Desktop/BizSMART/Backend/biz/lib/python3.8/site-packages/django/db/models/sql/compiler.py", line 1984, in execute_sql
    cursor = super().execute_sql(result_type)
  File "/Users/j/Desktop/BizSMART/Backend/biz/lib/python3.8/site-packages/django/db/models/sql/compiler.py", line 1562, in execute_sql
    cursor.execute(sql, params)
  File "/Users/j/Desktop/BizSMART/Backend/biz/lib/python3.8/site-packages/django/db/backends/utils.py", line 102, in execute
    return super().execute(sql, params)
  File "/Users/j/Desktop/BizSMART/Backend/biz/lib/python3.8/site-packages/django/db/backends/utils.py", line 67, in execute
    return self._execute_with_wrappers(
  File "/Users/j/Desktop/BizSMART/Backend/biz/lib/python3.8/site-packages/django/db/backends/utils.py", line 80, in _execute_with_wrappers
    return executor(sql, params, many, context)
  File "/Users/j/Desktop/BizSMART/Backend/biz/lib/python3.8/site-packages/django/db/backends/utils.py", line 89, in _execute
    return self.cursor.execute(sql, params)
  File "/Users/j/Desktop/BizSMART/Backend/biz/lib/python3.8/site-packages/django/db/utils.py", line 91, in __exit__
    raise dj_exc_value.with_traceback(traceback) from exc_value
  File "/Users/j/Desktop/BizSMART/Backend/biz/lib/python3.8/site-packages/django/db/backends/utils.py", line 89, in _execute
    return self.cursor.execute(sql, params)
  File "/Users/j/Desktop/BizSMART/Backend/biz/lib/python3.8/site-packages/django/db/backends/sqlite3/base.py", line 328, in execute
    return super().execute(query, params)
django.db.utils.IntegrityError: UNIQUE constraint failed: financials_budget.business_id, financials_budget.period, financials_budget.year, financials_budget.month, financials_budget.quarter
ERROR 2026-06-01 10:13:56,247 basehttp "PATCH /api/v1/financials/budgets/1/ HTTP/1.1" 500 222027
ERROR 2026-06-01 11:14:46,932 log Internal Server Error: /api/v1/bi/dashboard/milestones/
Traceback (most recent call last):
  File "/Users/j/Desktop/BizSMART/Backend/biz/lib/python3.8/site-packages/django/core/handlers/exception.py", line 55, in inner
    response = get_response(request)
  File "/Users/j/Desktop/BizSMART/Backend/biz/lib/python3.8/site-packages/django/core/handlers/base.py", line 197, in _get_response
    response = wrapped_callback(request, *callback_args, **callback_kwargs)
  File "/Users/j/Desktop/BizSMART/Backend/biz/lib/python3.8/site-packages/django/views/decorators/csrf.py", line 56, in wrapper_view
    return view_func(*args, **kwargs)
  File "/Users/j/Desktop/BizSMART/Backend/biz/lib/python3.8/site-packages/django/views/generic/base.py", line 105, in view
    return self.dispatch(request, *args, **kwargs)
  File "/Users/j/Desktop/BizSMART/Backend/biz/lib/python3.8/site-packages/rest_framework/views.py", line 509, in dispatch
    response = self.handle_exception(exc)
  File "/Users/j/Desktop/BizSMART/Backend/biz/lib/python3.8/site-packages/rest_framework/views.py", line 469, in handle_exception
    self.raise_uncaught_exception(exc)
  File "/Users/j/Desktop/BizSMART/Backend/biz/lib/python3.8/site-packages/rest_framework/views.py", line 480, in raise_uncaught_exception
    raise exc
  File "/Users/j/Desktop/BizSMART/Backend/biz/lib/python3.8/site-packages/rest_framework/views.py", line 506, in dispatch
    response = handler(request, *args, **kwargs)
  File "/Users/j/Desktop/BizSMART/Backend/bi/views.py", line 104, in get
    'percentage': min(100, (kpi['revenue']['current'] / (kpi['revenue'].get('target', kpi['revenue']['current'] * 1.1)) * 100))
ZeroDivisionError: float division by zero
ERROR 2026-06-01 11:14:46,932 log Internal Server Error: /api/v1/bi/dashboard/
Traceback (most recent call last):
  File "/Users/j/Desktop/BizSMART/Backend/biz/lib/python3.8/site-packages/django/core/handlers/exception.py", line 55, in inner
    response = get_response(request)
  File "/Users/j/Desktop/BizSMART/Backend/biz/lib/python3.8/site-packages/django/core/handlers/base.py", line 197, in _get_response
    response = wrapped_callback(request, *callback_args, **callback_kwargs)
  File "/Users/j/Desktop/BizSMART/Backend/biz/lib/python3.8/site-packages/django/views/decorators/csrf.py", line 56, in wrapper_view
    return view_func(*args, **kwargs)
  File "/Users/j/Desktop/BizSMART/Backend/biz/lib/python3.8/site-packages/django/views/generic/base.py", line 105, in view
    return self.dispatch(request, *args, **kwargs)
  File "/Users/j/Desktop/BizSMART/Backend/biz/lib/python3.8/site-packages/rest_framework/views.py", line 509, in dispatch
    response = self.handle_exception(exc)
  File "/Users/j/Desktop/BizSMART/Backend/biz/lib/python3.8/site-packages/rest_framework/views.py", line 469, in handle_exception
    self.raise_uncaught_exception(exc)
  File "/Users/j/Desktop/BizSMART/Backend/biz/lib/python3.8/site-packages/rest_framework/views.py", line 480, in raise_uncaught_exception
    raise exc
  File "/Users/j/Desktop/BizSMART/Backend/biz/lib/python3.8/site-packages/rest_framework/views.py", line 506, in dispatch
    response = handler(request, *args, **kwargs)
  File "/Users/j/Desktop/BizSMART/Backend/bi/views.py", line 45, in get
    dashboard_data = service.get_kpi_dashboard_for_month(year, month)
  File "/Users/j/Desktop/BizSMART/Backend/bi/services.py", line 98, in get_kpi_dashboard_for_month
    return self._get_cached_or_compute(cache_key, self._compute_kpi_dashboard_for_period, start_date, end_date)
  File "/Users/j/Desktop/BizSMART/Backend/bi/services.py", line 31, in _get_cached_or_compute
    result = compute_func(*args, **kwargs)
  File "/Users/j/Desktop/BizSMART/Backend/bi/services.py", line 198, in _compute_kpi_dashboard_for_period
    'target': float(current_income * 1.1)  # 10% growth target
TypeError: unsupported operand type(s) for *: 'decimal.Decimal' and 'float'
ERROR 2026-06-01 11:14:46,976 basehttp "GET /api/v1/bi/dashboard/?month=2026-06 HTTP/1.1" 500 119005
ERROR 2026-06-01 11:14:46,956 basehttp "GET /api/v1/bi/dashboard/milestones/ HTTP/1.1" 500 102305
ERROR 2026-06-01 11:15:27,718 log Internal Server Error: /api/v1/bi/dashboard/milestones/
Traceback (most recent call last):
  File "/Users/j/Desktop/BizSMART/Backend/biz/lib/python3.8/site-packages/django/core/handlers/exception.py", line 55, in inner
    response = get_response(request)
  File "/Users/j/Desktop/BizSMART/Backend/biz/lib/python3.8/site-packages/django/core/handlers/base.py", line 197, in _get_response
    response = wrapped_callback(request, *callback_args, **callback_kwargs)
  File "/Users/j/Desktop/BizSMART/Backend/biz/lib/python3.8/site-packages/django/views/decorators/csrf.py", line 56, in wrapper_view
    return view_func(*args, **kwargs)
  File "/Users/j/Desktop/BizSMART/Backend/biz/lib/python3.8/site-packages/django/views/generic/base.py", line 105, in view
    return self.dispatch(request, *args, **kwargs)
  File "/Users/j/Desktop/BizSMART/Backend/biz/lib/python3.8/site-packages/rest_framework/views.py", line 509, in dispatch
    response = self.handle_exception(exc)
  File "/Users/j/Desktop/BizSMART/Backend/biz/lib/python3.8/site-packages/rest_framework/views.py", line 469, in handle_exception
    self.raise_uncaught_exception(exc)
  File "/Users/j/Desktop/BizSMART/Backend/biz/lib/python3.8/site-packages/rest_framework/views.py", line 480, in raise_uncaught_exception
    raise exc
  File "/Users/j/Desktop/BizSMART/Backend/biz/lib/python3.8/site-packages/rest_framework/views.py", line 506, in dispatch
    response = handler(request, *args, **kwargs)
  File "/Users/j/Desktop/BizSMART/Backend/bi/views.py", line 104, in get
    'percentage': min(100, (kpi['revenue']['current'] / (kpi['revenue'].get('target', kpi['revenue']['current'] * 1.1)) * 100))
ZeroDivisionError: float division by zero
ERROR 2026-06-01 11:15:27,753 basehttp "GET /api/v1/bi/dashboard/milestones/ HTTP/1.1" 500 102305
ERROR 2026-06-01 11:15:27,936 log Internal Server Error: /api/v1/bi/dashboard/
Traceback (most recent call last):
  File "/Users/j/Desktop/BizSMART/Backend/biz/lib/python3.8/site-packages/django/core/handlers/exception.py", line 55, in inner
    response = get_response(request)
  File "/Users/j/Desktop/BizSMART/Backend/biz/lib/python3.8/site-packages/django/core/handlers/base.py", line 197, in _get_response
    response = wrapped_callback(request, *callback_args, **callback_kwargs)
  File "/Users/j/Desktop/BizSMART/Backend/biz/lib/python3.8/site-packages/django/views/decorators/csrf.py", line 56, in wrapper_view
    return view_func(*args, **kwargs)
  File "/Users/j/Desktop/BizSMART/Backend/biz/lib/python3.8/site-packages/django/views/generic/base.py", line 105, in view
    return self.dispatch(request, *args, **kwargs)
  File "/Users/j/Desktop/BizSMART/Backend/biz/lib/python3.8/site-packages/rest_framework/views.py", line 509, in dispatch
    response = self.handle_exception(exc)
  File "/Users/j/Desktop/BizSMART/Backend/biz/lib/python3.8/site-packages/rest_framework/views.py", line 469, in handle_exception
    self.raise_uncaught_exception(exc)
  File "/Users/j/Desktop/BizSMART/Backend/biz/lib/python3.8/site-packages/rest_framework/views.py", line 480, in raise_uncaught_exception
    raise exc
  File "/Users/j/Desktop/BizSMART/Backend/biz/lib/python3.8/site-packages/rest_framework/views.py", line 506, in dispatch
    response = handler(request, *args, **kwargs)
  File "/Users/j/Desktop/BizSMART/Backend/bi/views.py", line 45, in get
    dashboard_data = service.get_kpi_dashboard_for_month(year, month)
  File "/Users/j/Desktop/BizSMART/Backend/bi/services.py", line 98, in get_kpi_dashboard_for_month
    return self._get_cached_or_compute(cache_key, self._compute_kpi_dashboard_for_period, start_date, end_date)
  File "/Users/j/Desktop/BizSMART/Backend/bi/services.py", line 31, in _get_cached_or_compute
    result = compute_func(*args, **kwargs)
  File "/Users/j/Desktop/BizSMART/Backend/bi/services.py", line 198, in _compute_kpi_dashboard_for_period
    'target': float(current_income * 1.1)  # 10% growth target
TypeError: unsupported operand type(s) for *: 'decimal.Decimal' and 'float'
ERROR 2026-06-01 11:15:28,042 basehttp "GET /api/v1/bi/dashboard/?month=2026-05 HTTP/1.1" 500 119054
ERROR 2026-06-01 11:18:53,595 log Internal Server Error: /api/v1/bi/dashboard/milestones/
Traceback (most recent call last):
  File "/Users/j/Desktop/BizSMART/Backend/biz/lib/python3.8/site-packages/django/core/handlers/exception.py", line 55, in inner
    response = get_response(request)
  File "/Users/j/Desktop/BizSMART/Backend/biz/lib/python3.8/site-packages/django/core/handlers/base.py", line 197, in _get_response
    response = wrapped_callback(request, *callback_args, **callback_kwargs)
  File "/Users/j/Desktop/BizSMART/Backend/biz/lib/python3.8/site-packages/django/views/decorators/csrf.py", line 56, in wrapper_view
    return view_func(*args, **kwargs)
  File "/Users/j/Desktop/BizSMART/Backend/biz/lib/python3.8/site-packages/django/views/generic/base.py", line 105, in view
    return self.dispatch(request, *args, **kwargs)
  File "/Users/j/Desktop/BizSMART/Backend/biz/lib/python3.8/site-packages/rest_framework/views.py", line 509, in dispatch
    response = self.handle_exception(exc)
  File "/Users/j/Desktop/BizSMART/Backend/biz/lib/python3.8/site-packages/rest_framework/views.py", line 469, in handle_exception
    self.raise_uncaught_exception(exc)
  File "/Users/j/Desktop/BizSMART/Backend/biz/lib/python3.8/site-packages/rest_framework/views.py", line 480, in raise_uncaught_exception
    raise exc
  File "/Users/j/Desktop/BizSMART/Backend/biz/lib/python3.8/site-packages/rest_framework/views.py", line 506, in dispatch
    response = handler(request, *args, **kwargs)
  File "/Users/j/Desktop/BizSMART/Backend/bi/views.py", line 104, in get
    'percentage': min(100, (kpi['revenue']['current'] / (kpi['revenue'].get('target', kpi['revenue']['current'] * 1.1)) * 100))
ZeroDivisionError: float division by zero
ERROR 2026-06-01 11:18:53,598 basehttp "GET /api/v1/bi/dashboard/milestones/ HTTP/1.1" 500 102893
